Test Time 0      : Write Speed = 1035.20  MB/s | Read Speed = 1059.32  MB/s 
Test Time 1      : Write Speed = 762.20   MB/s | Read Speed = 1057.08  MB/s 
Test Time 2      : Write Speed = 843.17   MB/s | Read Speed = 1121.08  MB/s 
Test Time 3      : Write Speed = 896.06   MB/s | Read Speed = 1146.79  MB/s 
Test Time 4      : Write Speed = 909.09   MB/s | Read Speed = 1149.43  MB/s 
Test Time 5      : Write Speed = 912.41   MB/s | Read Speed = 1138.95  MB/s 
Test Time 6      : Write Speed = 920.81   MB/s | Read Speed = 1157.41  MB/s 
Test Time 7      : Write Speed = 910.75   MB/s | Read Speed = 498.50   MB/s 
Test Time 8      : Write Speed = 917.43   MB/s | Read Speed = 1154.73  MB/s 
Test Time 9      : Write Speed = 925.93   MB/s | Read Speed = 1152.07  MB/s 
Test Time 10     : Write Speed = 931.10   MB/s | Read Speed = 1157.41  MB/s 
Test Time 11     : Write Speed = 587.54   MB/s | Read Speed = 871.08   MB/s 
Test Time 12     : Write Speed = 593.12   MB/s | Read Speed = 1052.63  MB/s 
Test Time 13     : Write Speed = 920.81   MB/s | Read Speed = 1152.07  MB/s 
Test Time 14     : Write Speed = 927.64   MB/s | Read Speed = 1154.73  MB/s 
Test Time 15     : Write Speed = 924.21   MB/s | Read Speed = 1160.09  MB/s 
Test Time 16     : Write Speed = 910.75   MB/s | Read Speed = 1146.79  MB/s 
Test Time 17     : Write Speed = 912.41   MB/s | Read Speed = 507.61   MB/s 
Test Time 18     : Write Speed = 924.21   MB/s | Read Speed = 1146.79  MB/s 
Test Time 19     : Write Speed = 925.93   MB/s | Read Speed = 1157.41  MB/s 
Test Time 20     : Write Speed = 881.83   MB/s | Read Speed = 1086.96  MB/s 
Test Time 21     : Write Speed = 566.89   MB/s | Read Speed = 1024.59  MB/s 
Test Time 22     : Write Speed = 838.93   MB/s | Read Speed = 1052.63  MB/s 
Test Time 23     : Write Speed = 905.80   MB/s | Read Speed = 1106.19  MB/s 
Test Time 24     : Write Speed = 871.08   MB/s | Read Speed = 1094.09  MB/s 
Test Time 25     : Write Speed = 844.59   MB/s | Read Speed = 1113.59  MB/s 
Test Time 26     : Write Speed = 568.18   MB/s | Read Speed = 1039.50  MB/s 
Test Time 27     : Write Speed = 909.09   MB/s | Read Speed = 502.51   MB/s 
Test Time 28     : Write Speed = 905.80   MB/s | Read Speed = 1154.73  MB/s 
Test Time 29     : Write Speed = 904.16   MB/s | Read Speed = 1146.79  MB/s 
Test Time 30     : Write Speed = 909.09   MB/s | Read Speed = 1157.41  MB/s 
Test Time 31     : Write Speed = 905.80   MB/s | Read Speed = 1173.71  MB/s 
Test Time 32     : Write Speed = 905.80   MB/s | Read Speed = 500.00   MB/s 
Test Time 33     : Write Speed = 915.75   MB/s | Read Speed = 1152.07  MB/s 
Test Time 34     : Write Speed = 915.75   MB/s | Read Speed = 1162.79  MB/s 
Test Time 35     : Write Speed = 907.44   MB/s | Read Speed = 1152.07  MB/s 
Test Time 36     : Write Speed = 590.32   MB/s | Read Speed = 1061.57  MB/s 
Test Time 37     : Write Speed = 927.64   MB/s | Read Speed = 498.50   MB/s 
Test Time 38     : Write Speed = 925.93   MB/s | Read Speed = 1136.36  MB/s 
Test Time 39     : Write Speed = 905.80   MB/s | Read Speed = 1149.43  MB/s 
Test Time 40     : Write Speed = 912.41   MB/s | Read Speed = 1154.73  MB/s 
Test Time 41     : Write Speed = 907.44   MB/s | Read Speed = 1149.43  MB/s 
Test Time 42     : Write Speed = 919.12   MB/s | Read Speed = 501.00   MB/s 
Test Time 43     : Write Speed = 909.09   MB/s | Read Speed = 1154.73  MB/s 
Test Time 44     : Write Speed = 907.44   MB/s | Read Speed = 1165.50  MB/s 
Test Time 45     : Write Speed = 929.37   MB/s | Read Speed = 1146.79  MB/s 
Test Time 46     : Write Speed = 581.40   MB/s | Read Speed = 1054.85  MB/s 
Test Time 47     : Write Speed = 925.93   MB/s | Read Speed = 496.52   MB/s 
Test Time 48     : Write Speed = 939.85   MB/s | Read Speed = 1157.41  MB/s 
Test Time 49     : Write Speed = 917.43   MB/s | Read Speed = 1162.79  MB/s 
Test Time 50     : Write Speed = 919.12   MB/s | Read Speed = 1157.41  MB/s 
Test Time 51     : Write Speed = 902.53   MB/s | Read Speed = 1141.55  MB/s 
Test Time 52     : Write Speed = 894.45   MB/s | Read Speed = 496.52   MB/s 
Test Time 53     : Write Speed = 907.44   MB/s | Read Speed = 1152.07  MB/s 
Test Time 54     : Write Speed = 889.68   MB/s | Read Speed = 1141.55  MB/s 
Test Time 55     : Write Speed = 905.80   MB/s | Read Speed = 1141.55  MB/s 
Test Time 56     : Write Speed = 909.09   MB/s | Read Speed = 1154.73  MB/s 
Test Time 57     : Write Speed = 927.64   MB/s | Read Speed = 508.13   MB/s 
Test Time 58     : Write Speed = 924.21   MB/s | Read Speed = 1146.79  MB/s 
Test Time 59     : Write Speed = 899.28   MB/s | Read Speed = 1149.43  MB/s 
Test Time 60     : Write Speed = 907.44   MB/s | Read Speed = 1138.95  MB/s 
Test Time 61     : Write Speed = 593.82   MB/s | Read Speed = 1068.38  MB/s 
Test Time 62     : Write Speed = 925.93   MB/s | Read Speed = 509.68   MB/s 
Test Time 63     : Write Speed = 954.20   MB/s | Read Speed = 1160.09  MB/s 
Test Time 64     : Write Speed = 925.93   MB/s | Read Speed = 1160.09  MB/s 
Test Time 65     : Write Speed = 899.28   MB/s | Read Speed = 1141.55  MB/s 
Test Time 66     : Write Speed = 912.41   MB/s | Read Speed = 1154.73  MB/s 
Test Time 67     : Write Speed = 917.43   MB/s | Read Speed = 506.59   MB/s 
Test Time 68     : Write Speed = 919.12   MB/s | Read Speed = 1168.22  MB/s 
Test Time 69     : Write Speed = 925.93   MB/s | Read Speed = 1162.79  MB/s 
Test Time 70     : Write Speed = 915.75   MB/s | Read Speed = 1152.07  MB/s 
Test Time 71     : Write Speed = 593.82   MB/s | Read Speed = 1061.57  MB/s 
Test Time 72     : Write Speed = 902.53   MB/s | Read Speed = 493.10   MB/s 
Test Time 73     : Write Speed = 920.81   MB/s | Read Speed = 1149.43  MB/s 
Test Time 74     : Write Speed = 912.41   MB/s | Read Speed = 1144.16  MB/s 
Test Time 75     : Write Speed = 904.16   MB/s | Read Speed = 1149.43  MB/s 
Test Time 76     : Write Speed = 904.16   MB/s | Read Speed = 1149.43  MB/s 
Test Time 77     : Write Speed = 912.41   MB/s | Read Speed = 506.07   MB/s 
Test Time 78     : Write Speed = 897.67   MB/s | Read Speed = 1131.22  MB/s 
Test Time 79     : Write Speed = 917.43   MB/s | Read Speed = 1157.41  MB/s 
Test Time 80     : Write Speed = 914.08   MB/s | Read Speed = 1160.09  MB/s 
Test Time 81     : Write Speed = 739.64   MB/s | Read Speed = 1157.41  MB/s 
Test Time 82     : Write Speed = 917.43   MB/s | Read Speed = 500.00   MB/s 
Test Time 83     : Write Speed = 920.81   MB/s | Read Speed = 1157.41  MB/s 
Test Time 84     : Write Speed = 931.10   MB/s | Read Speed = 1176.47  MB/s 
Test Time 85     : Write Speed = 900.90   MB/s | Read Speed = 1136.36  MB/s 
Test Time 86     : Write Speed = 584.80   MB/s | Read Speed = 1068.38  MB/s 
Test Time 87     : Write Speed = 915.75   MB/s | Read Speed = 501.00   MB/s 
Test Time 88     : Write Speed = 927.64   MB/s | Read Speed = 1152.07  MB/s 
Test Time 89     : Write Speed = 922.51   MB/s | Read Speed = 1157.41  MB/s 
Test Time 90     : Write Speed = 910.75   MB/s | Read Speed = 1149.43  MB/s 
Test Time 91     : Write Speed = 917.43   MB/s | Read Speed = 1157.41  MB/s 
Test Time 92     : Write Speed = 910.75   MB/s | Read Speed = 497.51   MB/s 
Test Time 93     : Write Speed = 919.12   MB/s | Read Speed = 1152.07  MB/s 
Test Time 94     : Write Speed = 934.58   MB/s | Read Speed = 1160.09  MB/s 
Test Time 95     : Write Speed = 909.09   MB/s | Read Speed = 1152.07  MB/s 
Test Time 96     : Write Speed = 586.17   MB/s | Read Speed = 1063.83  MB/s 
Test Time 97     : Write Speed = 927.64   MB/s | Read Speed = 511.77   MB/s 
Test Time 98     : Write Speed = 904.16   MB/s | Read Speed = 1133.79  MB/s 
Test Time 99     : Write Speed = 874.13   MB/s | Read Speed = 1118.57  MB/s 
Test Time 100    : Write Speed = 884.96   MB/s | Read Speed = 1149.43  MB/s 
Test Time 101    : Write Speed = 915.75   MB/s | Read Speed = 1154.73  MB/s 
Test Time 102    : Write Speed = 925.93   MB/s | Read Speed = 503.52   MB/s 
Test Time 103    : Write Speed = 946.97   MB/s | Read Speed = 1152.07  MB/s 
Test Time 104    : Write Speed = 910.75   MB/s | Read Speed = 1154.73  MB/s 
Test Time 105    : Write Speed = 892.86   MB/s | Read Speed = 1131.22  MB/s 
Test Time 106    : Write Speed = 907.44   MB/s | Read Speed = 1096.49  MB/s 
Test Time 107    : Write Speed = 891.27   MB/s | Read Speed = 502.51   MB/s 
Test Time 108    : Write Speed = 919.12   MB/s | Read Speed = 1146.79  MB/s 
Test Time 109    : Write Speed = 910.75   MB/s | Read Speed = -0.50    MB/s 
Test Time 110    : Write Speed = 912.41   MB/s | Read Speed = 1162.79  MB/s 
Test Time 111    : Write Speed = 907.44   MB/s | Read Speed = 1154.73  MB/s 
Test Time 112    : Write Speed = 574.71   MB/s | Read Speed = 1000.00  MB/s 
Test Time 113    : Write Speed = 854.70   MB/s | Read Speed = 491.64   MB/s 
Test Time 114    : Write Speed = 869.57   MB/s | Read Speed = 1091.70  MB/s 
Test Time 115    : Write Speed = 843.17   MB/s | Read Speed = 1123.60  MB/s 
Test Time 116    : Write Speed = 791.14   MB/s | Read Speed = 1098.90  MB/s 
Test Time 117    : Write Speed = 896.06   MB/s | Read Speed = 1138.95  MB/s 
Test Time 118    : Write Speed = 897.67   MB/s | Read Speed = 496.03   MB/s 
Test Time 119    : Write Speed = 897.67   MB/s | Read Speed = 1152.07  MB/s 
Test Time 120    : Write Speed = 915.75   MB/s | Read Speed = 1160.09  MB/s 
Test Time 121    : Write Speed = 862.07   MB/s | Read Speed = 1108.65  MB/s 
Test Time 122    : Write Speed = 874.13   MB/s | Read Speed = 1136.36  MB/s 
Test Time 123    : Write Speed = 915.75   MB/s | Read Speed = 512.30   MB/s 
Test Time 124    : Write Speed = 905.80   MB/s | Read Speed = 1138.95  MB/s 
Test Time 125    : Write Speed = 891.27   MB/s | Read Speed = 1133.79  MB/s 
Test Time 126    : Write Speed = 892.86   MB/s | Read Speed = 1149.43  MB/s 
Test Time 127    : Write Speed = 588.24   MB/s | Read Speed = 1059.32  MB/s 
Test Time 128    : Write Speed = 922.51   MB/s | Read Speed = 508.65   MB/s 
Test Time 129    : Write Speed = 905.80   MB/s | Read Speed = 1138.95  MB/s 
Test Time 130    : Write Speed = 910.75   MB/s | Read Speed = 1149.43  MB/s 
Test Time 131    : Write Speed = 920.81   MB/s | Read Speed = 1162.79  MB/s 
Test Time 132    : Write Speed = 878.73   MB/s | Read Speed = 1138.95  MB/s 
Test Time 133    : Write Speed = 904.16   MB/s | Read Speed = 505.56   MB/s 
Test Time 134    : Write Speed = 897.67   MB/s | Read Speed = 1141.55  MB/s 
Test Time 135    : Write Speed = 912.41   MB/s | Read Speed = 1149.43  MB/s 
Test Time 136    : Write Speed = 920.81   MB/s | Read Speed = 1170.96  MB/s 
Test Time 137    : Write Speed = 591.02   MB/s | Read Speed = 1066.10  MB/s 
Test Time 138    : Write Speed = 912.41   MB/s | Read Speed = 446.43   MB/s 
Test Time 139    : Write Speed = 931.10   MB/s | Read Speed = 499.50   MB/s 
Test Time 140    : Write Speed = 914.08   MB/s | Read Speed = 1154.73  MB/s 
Test Time 141    : Write Speed = 922.51   MB/s | Read Speed = 1157.41  MB/s 
Test Time 142    : Write Speed = 925.93   MB/s | Read Speed = 1157.41  MB/s 
Test Time 143    : Write Speed = 586.85   MB/s | Read Speed = 1063.83  MB/s 
Test Time 144    : Write Speed = 929.37   MB/s | Read Speed = 495.54   MB/s 
Test Time 145    : Write Speed = 919.12   MB/s | Read Speed = 1138.95  MB/s 
Test Time 146    : Write Speed = 914.08   MB/s | Read Speed = 1154.73  MB/s 
Test Time 147    : Write Speed = 920.81   MB/s | Read Speed = 1154.73  MB/s 
Test Time 148    : Write Speed = 912.41   MB/s | Read Speed = 1154.73  MB/s 
Test Time 149    : Write Speed = 907.44   MB/s | Read Speed = 511.25   MB/s 
Test Time 150    : Write Speed = 917.43   MB/s | Read Speed = 1157.41  MB/s 
Test Time 151    : Write Speed = 924.21   MB/s | Read Speed = 1157.41  MB/s 
Test Time 152    : Write Speed = 907.44   MB/s | Read Speed = 1149.43  MB/s 
Test Time 153    : Write Speed = 585.48   MB/s | Read Speed = 1057.08  MB/s 
Test Time 154    : Write Speed = 912.41   MB/s | Read Speed = 506.07   MB/s 
Test Time 155    : Write Speed = 950.57   MB/s | Read Speed = 1154.73  MB/s 
Test Time 156    : Write Speed = 909.09   MB/s | Read Speed = 1146.79  MB/s 
Test Time 157    : Write Speed = 829.19   MB/s | Read Speed = 1121.08  MB/s 
Test Time 158    : Write Speed = 899.28   MB/s | Read Speed = 1136.36  MB/s 
Test Time 159    : Write Speed = 905.80   MB/s | Read Speed = 505.05   MB/s 
Test Time 160    : Write Speed = 919.12   MB/s | Read Speed = 447.23   MB/s 
Test Time 161    : Write Speed = 912.41   MB/s | Read Speed = 1157.41  MB/s 
Test Time 162    : Write Speed = 939.85   MB/s | Read Speed = 1168.22  MB/s 
Test Time 163    : Write Speed = 907.44   MB/s | Read Speed = 1149.43  MB/s 
Test Time 164    : Write Speed = 585.48   MB/s | Read Speed = 1066.10  MB/s 
Test Time 165    : Write Speed = 860.59   MB/s | Read Speed = 482.63   MB/s 
Test Time 166    : Write Speed = 914.08   MB/s | Read Speed = 1136.36  MB/s 
Test Time 167    : Write Speed = 880.28   MB/s | Read Speed = 1079.91  MB/s 
Test Time 168    : Write Speed = 838.93   MB/s | Read Speed = 1123.60  MB/s 
Test Time 169    : Write Speed = 874.13   MB/s | Read Speed = 1144.16  MB/s 
Test Time 170    : Write Speed = 900.90   MB/s | Read Speed = 496.52   MB/s 
Test Time 171    : Write Speed = 920.81   MB/s | Read Speed = 1101.32  MB/s 
Test Time 172    : Write Speed = 919.12   MB/s | Read Speed = 1149.43  MB/s 
Test Time 173    : Write Speed = 897.67   MB/s | Read Speed = 1146.79  MB/s 
Test Time 174    : Write Speed = 914.08   MB/s | Read Speed = 1154.73  MB/s 
Test Time 175    : Write Speed = 917.43   MB/s | Read Speed = 508.65   MB/s 
Test Time 176    : Write Speed = 902.53   MB/s | Read Speed = 1144.16  MB/s 
Test Time 177    : Write Speed = 917.43   MB/s | Read Speed = 1154.73  MB/s 
Test Time 178    : Write Speed = 902.53   MB/s | Read Speed = 1131.22  MB/s 
Test Time 179    : Write Speed = 588.93   MB/s | Read Speed = 1059.32  MB/s 
Test Time 180    : Write Speed = 914.08   MB/s | Read Speed = 503.52   MB/s 
Test Time 181    : Write Speed = 938.09   MB/s | Read Speed = 1152.07  MB/s 
Test Time 182    : Write Speed = 917.43   MB/s | Read Speed = 1149.43  MB/s 
Test Time 183    : Write Speed = 924.21   MB/s | Read Speed = 1154.73  MB/s 
Test Time 184    : Write Speed = 917.43   MB/s | Read Speed = 1160.09  MB/s 
Test Time 185    : Write Speed = 886.52   MB/s | Read Speed = 502.51   MB/s 
Test Time 186    : Write Speed = 917.43   MB/s | Read Speed = 1157.41  MB/s 
Test Time 187    : Write Speed = 899.28   MB/s | Read Speed = 1136.36  MB/s 
Test Time 188    : Write Speed = 919.12   MB/s | Read Speed = 1176.47  MB/s 
Test Time 189    : Write Speed = 733.14   MB/s | Read Speed = 1160.09  MB/s 
Test Time 190    : Write Speed = 919.12   MB/s | Read Speed = 501.50   MB/s 
Test Time 191    : Write Speed = 909.09   MB/s | Read Speed = 1133.79  MB/s 
Test Time 192    : Write Speed = 902.53   MB/s | Read Speed = 1141.55  MB/s 
Test Time 193    : Write Speed = 904.16   MB/s | Read Speed = 1157.41  MB/s 
Test Time 194    : Write Speed = 736.38   MB/s | Read Speed = 1154.73  MB/s 
Test Time 195    : Write Speed = 915.75   MB/s | Read Speed = 493.10   MB/s 
Test Time 196    : Write Speed = 915.75   MB/s | Read Speed = 1157.41  MB/s 
Test Time 197    : Write Speed = 910.75   MB/s | Read Speed = 1152.07  MB/s 
Test Time 198    : Write Speed = 866.55   MB/s | Read Speed = 1116.07  MB/s 
Test Time 199    : Write Speed = 891.27   MB/s | Read Speed = 1141.55  MB/s 
Test Time 200    : Write Speed = 904.16   MB/s | Read Speed = 499.50   MB/s 
Test Time 201    : Write Speed = 915.75   MB/s | Read Speed = 1170.96  MB/s 
Test Time 202    : Write Speed = 818.33   MB/s | Read Speed = 1116.07  MB/s 
Test Time 203    : Write Speed = 922.51   MB/s | Read Speed = 1154.73  MB/s 
Test Time 204    : Write Speed = 594.53   MB/s | Read Speed = 1077.59  MB/s 
Test Time 205    : Write Speed = 917.43   MB/s | Read Speed = 499.00   MB/s 
Test Time 206    : Write Speed = 932.84   MB/s | Read Speed = 1154.73  MB/s 
Test Time 207    : Write Speed = 892.86   MB/s | Read Speed = 1131.22  MB/s 
Test Time 208    : Write Speed = 902.53   MB/s | Read Speed = 1157.41  MB/s 
Test Time 209    : Write Speed = 924.21   MB/s | Read Speed = 1157.41  MB/s 
Test Time 210    : Write Speed = 566.89   MB/s | Read Speed = 1046.03  MB/s 
Test Time 211    : Write Speed = 912.41   MB/s | Read Speed = 1128.67  MB/s 
Test Time 212    : Write Speed = 900.90   MB/s | Read Speed = 1144.16  MB/s 
Test Time 213    : Write Speed = 889.68   MB/s | Read Speed = 1133.79  MB/s 
Test Time 214    : Write Speed = 919.12   MB/s | Read Speed = 1165.50  MB/s 
Test Time 215    : Write Speed = 917.43   MB/s | Read Speed = 503.02   MB/s 
Test Time 216    : Write Speed = 934.58   MB/s | Read Speed = 1154.73  MB/s 
Test Time 217    : Write Speed = 917.43   MB/s | Read Speed = 1154.73  MB/s 
Test Time 218    : Write Speed = 881.83   MB/s | Read Speed = 1101.32  MB/s 
Test Time 219    : Write Speed = 846.02   MB/s | Read Speed = 1111.11  MB/s 
Test Time 220    : Write Speed = 872.60   MB/s | Read Speed = 481.70   MB/s 
Test Time 221    : Write Speed = 871.08   MB/s | Read Speed = 1121.08  MB/s 
Test Time 222    : Write Speed = 868.06   MB/s | Read Speed = 1136.36  MB/s 
Test Time 223    : Write Speed = 897.67   MB/s | Read Speed = 1141.55  MB/s 
Test Time 224    : Write Speed = 909.09   MB/s | Read Speed = 1149.43  MB/s 
Test Time 225    : Write Speed = 899.28   MB/s | Read Speed = 494.56   MB/s 
Test Time 226    : Write Speed = 917.43   MB/s | Read Speed = 1144.16  MB/s 
Test Time 227    : Write Speed = 910.75   MB/s | Read Speed = 1149.43  MB/s 
Test Time 228    : Write Speed = 936.33   MB/s | Read Speed = 1157.41  MB/s 
Test Time 229    : Write Speed = 920.81   MB/s | Read Speed = 1160.09  MB/s 
Test Time 230    : Write Speed = 924.21   MB/s | Read Speed = 507.61   MB/s 
Test Time 231    : Write Speed = 894.45   MB/s | Read Speed = 1133.79  MB/s 
Test Time 232    : Write Speed = 892.86   MB/s | Read Speed = 1121.08  MB/s 
Test Time 233    : Write Speed = 902.53   MB/s | Read Speed = 1152.07  MB/s 
Test Time 234    : Write Speed = 584.11   MB/s | Read Speed = 1063.83  MB/s 
Test Time 235    : Write Speed = 931.10   MB/s | Read Speed = 494.56   MB/s 
Test Time 236    : Write Speed = 917.43   MB/s | Read Speed = 1141.55  MB/s 
Test Time 237    : Write Speed = 920.81   MB/s | Read Speed = 1154.73  MB/s 
Test Time 238    : Write Speed = 896.06   MB/s | Read Speed = 1138.95  MB/s 
Test Time 239    : Write Speed = 907.44   MB/s | Read Speed = 1146.79  MB/s 
Test Time 240    : Write Speed = 912.41   MB/s | Read Speed = 498.50   MB/s 
Test Time 241    : Write Speed = 931.10   MB/s | Read Speed = 1149.43  MB/s 
Test Time 242    : Write Speed = 920.81   MB/s | Read Speed = 1154.73  MB/s 
Test Time 243    : Write Speed = 929.37   MB/s | Read Speed = 1157.41  MB/s 
Test Time 244    : Write Speed = 596.66   MB/s | Read Speed = 1075.27  MB/s 
Test Time 245    : Write Speed = 915.75   MB/s | Read Speed = 471.25   MB/s 
Test Time 246    : Write Speed = 922.51   MB/s | Read Speed = 1146.79  MB/s 
Test Time 247    : Write Speed = 914.08   MB/s | Read Speed = 1146.79  MB/s 
Test Time 248    : Write Speed = 924.21   MB/s | Read Speed = 1162.79  MB/s 
Test Time 249    : Write Speed = 922.51   MB/s | Read Speed = 1162.79  MB/s 
Test Time 250    : Write Speed = 931.10   MB/s | Read Speed = 499.00   MB/s 
Test Time 251    : Write Speed = 899.28   MB/s | Read Speed = 1131.22  MB/s 
Test Time 252    : Write Speed = 910.75   MB/s | Read Speed = 1154.73  MB/s 
Test Time 253    : Write Speed = 915.75   MB/s | Read Speed = 1162.79  MB/s 
Test Time 254    : Write Speed = 578.70   MB/s | Read Speed = 1057.08  MB/s 
Test Time 255    : Write Speed = 922.51   MB/s | Read Speed = 506.07   MB/s 
Test Time 256    : Write Speed = 938.09   MB/s | Read Speed = 1152.07  MB/s 
Test Time 257    : Write Speed = 922.51   MB/s | Read Speed = 1160.09  MB/s 
Test Time 258    : Write Speed = 910.75   MB/s | Read Speed = 1133.79  MB/s 
Test Time 259    : Write Speed = 919.12   MB/s | Read Speed = 1165.50  MB/s 
Test Time 260    : Write Speed = 927.64   MB/s | Read Speed = 509.68   MB/s 
Test Time 261    : Write Speed = 917.43   MB/s | Read Speed = 1154.73  MB/s 
Test Time 262    : Write Speed = 912.41   MB/s | Read Speed = 1154.73  MB/s 
Test Time 263    : Write Speed = 912.41   MB/s | Read Speed = 1149.43  MB/s 
Test Time 264    : Write Speed = 591.72   MB/s | Read Speed = 1075.27  MB/s 
Test Time 265    : Write Speed = 907.44   MB/s | Read Speed = 452.90   MB/s 
Test Time 266    : Write Speed = 912.41   MB/s | Read Speed = 492.61   MB/s 
Test Time 267    : Write Speed = 925.93   MB/s | Read Speed = 1144.16  MB/s 
Test Time 268    : Write Speed = 915.75   MB/s | Read Speed = 1149.43  MB/s 
Test Time 269    : Write Speed = 915.75   MB/s | Read Speed = 1157.41  MB/s 
Test Time 270    : Write Speed = 584.11   MB/s | Read Speed = 1063.83  MB/s 
Test Time 271    : Write Speed = 872.60   MB/s | Read Speed = 476.64   MB/s 
Test Time 272    : Write Speed = 863.56   MB/s | Read Speed = 499.00   MB/s 
Test Time 273    : Write Speed = 874.13   MB/s | Read Speed = 1094.09  MB/s 
Test Time 274    : Write Speed = 838.93   MB/s | Read Speed = 1118.57  MB/s 
Test Time 275    : Write Speed = 863.56   MB/s | Read Speed = 1133.79  MB/s 
Test Time 276    : Write Speed = 897.67   MB/s | Read Speed = 1149.43  MB/s 
Test Time 277    : Write Speed = 917.43   MB/s | Read Speed = 508.65   MB/s 
Test Time 278    : Write Speed = 889.68   MB/s | Read Speed = 1138.95  MB/s 
Test Time 279    : Write Speed = 907.44   MB/s | Read Speed = 1179.25  MB/s 
Test Time 280    : Write Speed = 912.41   MB/s | Read Speed = 1154.73  MB/s 
Test Time 281    : Write Speed = 591.02   MB/s | Read Speed = 1063.83  MB/s 
Test Time 282    : Write Speed = 922.51   MB/s | Read Speed = 502.51   MB/s 
Test Time 283    : Write Speed = 945.18   MB/s | Read Speed = 1154.73  MB/s 
Test Time 284    : Write Speed = 931.10   MB/s | Read Speed = 1162.79  MB/s 
Test Time 285    : Write Speed = 880.28   MB/s | Read Speed = 1131.22  MB/s 
Test Time 286    : Write Speed = 894.45   MB/s | Read Speed = 1141.55  MB/s 
Test Time 287    : Write Speed = 909.09   MB/s | Read Speed = 498.50   MB/s 
Test Time 288    : Write Speed = 836.12   MB/s | Read Speed = 1121.08  MB/s 
Test Time 289    : Write Speed = 927.64   MB/s | Read Speed = 1157.41  MB/s 
Test Time 290    : Write Speed = 909.09   MB/s | Read Speed = 1157.41  MB/s 
Test Time 291    : Write Speed = 579.37   MB/s | Read Speed = 1043.84  MB/s 
Test Time 292    : Write Speed = 912.41   MB/s | Read Speed = 504.03   MB/s 
Test Time 293    : Write Speed = 917.43   MB/s | Read Speed = 505.05   MB/s 
Test Time 294    : Write Speed = 915.75   MB/s | Read Speed = 1160.09  MB/s 
Test Time 295    : Write Speed = 912.41   MB/s | Read Speed = 1152.07  MB/s 
Test Time 296    : Write Speed = 919.12   MB/s | Read Speed = 1157.41  MB/s 
Test Time 297    : Write Speed = 574.71   MB/s | Read Speed = 1046.03  MB/s 
Test Time 298    : Write Speed = 892.86   MB/s | Read Speed = 502.51   MB/s 
Test Time 299    : Write Speed = 917.43   MB/s | Read Speed = 1146.79  MB/s 
Test Time 300    : Write Speed = 905.80   MB/s | Read Speed = 1154.73  MB/s 
Test Time 301    : Write Speed = 907.44   MB/s | Read Speed = 1154.73  MB/s 
Test Time 302    : Write Speed = 915.75   MB/s | Read Speed = 1162.79  MB/s 
Test Time 303    : Write Speed = 920.81   MB/s | Read Speed = 508.13   MB/s 
Test Time 304    : Write Speed = 915.75   MB/s | Read Speed = 1157.41  MB/s 
Test Time 305    : Write Speed = 860.59   MB/s | Read Speed = 1128.67  MB/s 
Test Time 306    : Write Speed = 891.27   MB/s | Read Speed = 1144.16  MB/s 
Test Time 307    : Write Speed = 591.02   MB/s | Read Speed = 1068.38  MB/s 
Test Time 308    : Write Speed = 922.51   MB/s | Read Speed = 500.00   MB/s 
Test Time 309    : Write Speed = 919.12   MB/s | Read Speed = 1138.95  MB/s 
Test Time 310    : Write Speed = 907.44   MB/s | Read Speed = 1152.07  MB/s 
Test Time 311    : Write Speed = 909.09   MB/s | Read Speed = 1131.22  MB/s 
Test Time 312    : Write Speed = 909.09   MB/s | Read Speed = 1160.09  MB/s 
Test Time 313    : Write Speed = 594.53   MB/s | Read Speed = 1068.38  MB/s 
Test Time 314    : Write Speed = 914.08   MB/s | Read Speed = 1149.43  MB/s 
Test Time 315    : Write Speed = 915.75   MB/s | Read Speed = 1152.07  MB/s 
Test Time 316    : Write Speed = 915.75   MB/s | Read Speed = 1154.73  MB/s 
Test Time 317    : Write Speed = 912.41   MB/s | Read Speed = 1146.79  MB/s 
Test Time 318    : Write Speed = 902.53   MB/s | Read Speed = 499.50   MB/s 
Test Time 319    : Write Speed = 897.67   MB/s | Read Speed = 1138.95  MB/s 
Test Time 320    : Write Speed = 892.86   MB/s | Read Speed = 1138.95  MB/s 
Test Time 321    : Write Speed = 914.08   MB/s | Read Speed = 1152.07  MB/s 
Test Time 322    : Write Speed = 920.81   MB/s | Read Speed = 1154.73  MB/s 
Test Time 323    : Write Speed = 922.51   MB/s | Read Speed = 503.02   MB/s 
Test Time 324    : Write Speed = 881.83   MB/s | Read Speed = 1086.96  MB/s 
Test Time 325    : Write Speed = 829.19   MB/s | Read Speed = 1103.75  MB/s 
Test Time 326    : Write Speed = 872.60   MB/s | Read Speed = 1086.96  MB/s 
Test Time 327    : Write Speed = 840.34   MB/s | Read Speed = 1111.11  MB/s 
Test Time 328    : Write Speed = 877.19   MB/s | Read Speed = 485.91   MB/s 
Test Time 329    : Write Speed = 914.08   MB/s | Read Speed = 1138.95  MB/s 
Test Time 330    : Write Speed = 910.75   MB/s | Read Speed = 1149.43  MB/s 
Test Time 331    : Write Speed = 910.75   MB/s | Read Speed = 1141.55  MB/s 
Test Time 332    : Write Speed = 927.64   MB/s | Read Speed = 1149.43  MB/s 
Test Time 333    : Write Speed = 905.80   MB/s | Read Speed = 506.59   MB/s 
Test Time 334    : Write Speed = 900.90   MB/s | Read Speed = 1149.43  MB/s 
Test Time 335    : Write Speed = 909.09   MB/s | Read Speed = 1157.41  MB/s 
Test Time 336    : Write Speed = 920.81   MB/s | Read Speed = 1157.41  MB/s 
Test Time 337    : Write Speed = 596.66   MB/s | Read Speed = 1079.91  MB/s 
Test Time 338    : Write Speed = 915.75   MB/s | Read Speed = 505.05   MB/s 
Test Time 339    : Write Speed = 905.80   MB/s | Read Speed = 1144.16  MB/s 
Test Time 340    : Write Speed = 904.16   MB/s | Read Speed = 1152.07  MB/s 
Test Time 341    : Write Speed = 910.75   MB/s | Read Speed = 1146.79  MB/s 
Test Time 342    : Write Speed = 924.21   MB/s | Read Speed = 1162.79  MB/s 
Test Time 343    : Write Speed = 922.51   MB/s | Read Speed = 509.68   MB/s 
Test Time 344    : Write Speed = 883.39   MB/s | Read Speed = 1136.36  MB/s 
Test Time 345    : Write Speed = 910.75   MB/s | Read Speed = 1136.36  MB/s 
Test Time 346    : Write Speed = 902.53   MB/s | Read Speed = 1149.43  MB/s 
Test Time 347    : Write Speed = 597.37   MB/s | Read Speed = 1072.96  MB/s 
Test Time 348    : Write Speed = 857.63   MB/s | Read Speed = 476.19   MB/s 
Test Time 349    : Write Speed = 875.66   MB/s | Read Speed = 490.68   MB/s 
Test Time 350    : Write Speed = 897.67   MB/s | Read Speed = 1146.79  MB/s 
Test Time 351    : Write Speed = 892.86   MB/s | Read Speed = 1131.22  MB/s 
Test Time 352    : Write Speed = 899.28   MB/s | Read Speed = 1141.55  MB/s 
Test Time 353    : Write Speed = 575.37   MB/s | Read Speed = 1052.63  MB/s 
Test Time 354    : Write Speed = 925.93   MB/s | Read Speed = 496.03   MB/s 
Test Time 355    : Write Speed = 936.33   MB/s | Read Speed = 1160.09  MB/s 
Test Time 356    : Write Speed = 914.08   MB/s | Read Speed = 1154.73  MB/s 
Test Time 357    : Write Speed = 925.93   MB/s | Read Speed = 1182.03  MB/s 
Test Time 358    : Write Speed = 899.28   MB/s | Read Speed = 1133.79  MB/s 
Test Time 359    : Write Speed = 907.44   MB/s | Read Speed = 506.07   MB/s 
Test Time 360    : Write Speed = 920.81   MB/s | Read Speed = 1154.73  MB/s 
Test Time 361    : Write Speed = 920.81   MB/s | Read Speed = 1157.41  MB/s 
Test Time 362    : Write Speed = 927.64   MB/s | Read Speed = 1168.22  MB/s 
Test Time 363    : Write Speed = 591.02   MB/s | Read Speed = 1066.10  MB/s 
Test Time 364    : Write Speed = 907.44   MB/s | Read Speed = 502.01   MB/s 
Test Time 365    : Write Speed = 912.41   MB/s | Read Speed = 1138.95  MB/s 
Test Time 366    : Write Speed = 914.08   MB/s | Read Speed = 1152.07  MB/s 
Test Time 367    : Write Speed = 924.21   MB/s | Read Speed = 1149.43  MB/s 
Test Time 368    : Write Speed = 917.43   MB/s | Read Speed = 1144.16  MB/s 
Test Time 369    : Write Speed = 912.41   MB/s | Read Speed = 504.54   MB/s 
Test Time 370    : Write Speed = 925.93   MB/s | Read Speed = 1168.22  MB/s 
Test Time 371    : Write Speed = 917.43   MB/s | Read Speed = 1128.67  MB/s 
Test Time 372    : Write Speed = 902.53   MB/s | Read Speed = 1096.49  MB/s 
Test Time 373    : Write Speed = 888.10   MB/s | Read Speed = 1131.22  MB/s 
Test Time 374    : Write Speed = 905.80   MB/s | Read Speed = 476.64   MB/s 
Test Time 375    : Write Speed = 920.81   MB/s | Read Speed = 1152.07  MB/s 
Test Time 376    : Write Speed = 920.81   MB/s | Read Speed = 1154.73  MB/s 
Test Time 377    : Write Speed = 931.10   MB/s | Read Speed = 1168.22  MB/s 
Test Time 378    : Write Speed = 556.79   MB/s | Read Speed = 1026.69  MB/s 
Test Time 379    : Write Speed = 582.07   MB/s | Read Speed = 1037.34  MB/s 
Test Time 380    : Write Speed = 875.66   MB/s | Read Speed = 1077.59  MB/s 
Test Time 381    : Write Speed = 836.12   MB/s | Read Speed = 1113.59  MB/s 
Test Time 382    : Write Speed = 872.60   MB/s | Read Speed = 1133.79  MB/s 
Test Time 383    : Write Speed = 889.68   MB/s | Read Speed = 1138.95  MB/s 
Test Time 384    : Write Speed = 925.93   MB/s | Read Speed = 495.05   MB/s 
Test Time 385    : Write Speed = 917.43   MB/s | Read Speed = 1138.95  MB/s 
Test Time 386    : Write Speed = 914.08   MB/s | Read Speed = 1154.73  MB/s 
Test Time 387    : Write Speed = 910.75   MB/s | Read Speed = 1160.09  MB/s 
Test Time 388    : Write Speed = 899.28   MB/s | Read Speed = 1144.16  MB/s 
Test Time 389    : Write Speed = 915.75   MB/s | Read Speed = 497.02   MB/s 
Test Time 390    : Write Speed = 943.40   MB/s | Read Speed = 1157.41  MB/s 
Test Time 391    : Write Speed = 899.28   MB/s | Read Speed = 1141.55  MB/s 
Test Time 392    : Write Speed = 891.27   MB/s | Read Speed = 1141.55  MB/s 
Test Time 393    : Write Speed = 904.16   MB/s | Read Speed = 1157.41  MB/s 
Test Time 394    : Write Speed = 920.81   MB/s | Read Speed = 502.01   MB/s 
Test Time 395    : Write Speed = 904.16   MB/s | Read Speed = 1157.41  MB/s 
Test Time 396    : Write Speed = 875.66   MB/s | Read Speed = 1126.13  MB/s 
Test Time 397    : Write Speed = 884.96   MB/s | Read Speed = 1146.79  MB/s 
Test Time 398    : Write Speed = 570.78   MB/s | Read Speed = 1043.84  MB/s 
Test Time 399    : Write Speed = 917.43   MB/s | Read Speed = 507.10   MB/s 
Test Time 400    : Write Speed = 922.51   MB/s | Read Speed = 1146.79  MB/s 
Test Time 401    : Write Speed = 925.93   MB/s | Read Speed = 1152.07  MB/s 
Test Time 402    : Write Speed = 907.44   MB/s | Read Speed = 1154.73  MB/s 
Test Time 403    : Write Speed = 905.80   MB/s | Read Speed = 1146.79  MB/s 
Test Time 404    : Write Speed = 914.08   MB/s | Read Speed = 506.07   MB/s 
Test Time 405    : Write Speed = 905.80   MB/s | Read Speed = 1144.16  MB/s 
Test Time 406    : Write Speed = 919.12   MB/s | Read Speed = 1165.50  MB/s 
Test Time 407    : Write Speed = 912.41   MB/s | Read Speed = 1152.07  MB/s 
Test Time 408    : Write Speed = 909.09   MB/s | Read Speed = 1152.07  MB/s 
Test Time 409    : Write Speed = 925.93   MB/s | Read Speed = 507.10   MB/s 
Test Time 410    : Write Speed = 917.43   MB/s | Read Speed = 1184.83  MB/s 
Test Time 411    : Write Speed = 899.28   MB/s | Read Speed = 1138.95  MB/s 
Test Time 412    : Write Speed = 904.16   MB/s | Read Speed = 1152.07  MB/s 
Test Time 413    : Write Speed = 592.42   MB/s | Read Speed = 1066.10  MB/s 
Test Time 414    : Write Speed = 927.64   MB/s | Read Speed = 504.03   MB/s 
Test Time 415    : Write Speed = 919.12   MB/s | Read Speed = 1165.50  MB/s 
Test Time 416    : Write Speed = 922.51   MB/s | Read Speed = 1168.22  MB/s 
Test Time 417    : Write Speed = 917.43   MB/s | Read Speed = 1160.09  MB/s 
Test Time 418    : Write Speed = 586.17   MB/s | Read Speed = 1061.57  MB/s 
Test Time 419    : Write Speed = 914.08   MB/s | Read Speed = 498.50   MB/s 
Test Time 420    : Write Speed = 936.33   MB/s | Read Speed = 1152.07  MB/s 
Test Time 421    : Write Speed = 924.21   MB/s | Read Speed = 1160.09  MB/s 
Test Time 422    : Write Speed = 914.08   MB/s | Read Speed = 1160.09  MB/s 
Test Time 423    : Write Speed = 922.51   MB/s | Read Speed = 1160.09  MB/s 
Test Time 424    : Write Speed = 941.62   MB/s | Read Speed = 499.50   MB/s 
Test Time 425    : Write Speed = 899.28   MB/s | Read Speed = 1082.25  MB/s 
Test Time 426    : Write Speed = 859.11   MB/s | Read Speed = 1106.19  MB/s 
Test Time 427    : Write Speed = 878.73   MB/s | Read Speed = 1128.67  MB/s 
Test Time 428    : Write Speed = 902.53   MB/s | Read Speed = 1138.95  MB/s 
Test Time 429    : Write Speed = 917.43   MB/s | Read Speed = 492.13   MB/s 
Test Time 430    : Write Speed = 938.09   MB/s | Read Speed = 1157.41  MB/s 
Test Time 431    : Write Speed = 880.28   MB/s | Read Speed = 1094.09  MB/s 
Test Time 432    : Write Speed = 844.59   MB/s | Read Speed = 1108.65  MB/s 
Test Time 433    : Write Speed = 875.66   MB/s | Read Speed = 1089.32  MB/s 
Test Time 434    : Write Speed = 846.02   MB/s | Read Speed = 484.97   MB/s 
Test Time 435    : Write Speed = 897.67   MB/s | Read Speed = 1144.16  MB/s 
Test Time 436    : Write Speed = 896.06   MB/s | Read Speed = 1138.95  MB/s 
Test Time 437    : Write Speed = 934.58   MB/s | Read Speed = 1160.09  MB/s 
Test Time 438    : Write Speed = 907.44   MB/s | Read Speed = 1144.16  MB/s 
Test Time 439    : Write Speed = 915.75   MB/s | Read Speed = 508.65   MB/s 
Test Time 440    : Write Speed = 924.21   MB/s | Read Speed = 1152.07  MB/s 
Test Time 441    : Write Speed = 905.80   MB/s | Read Speed = 1157.41  MB/s 
Test Time 442    : Write Speed = 894.45   MB/s | Read Speed = 1141.55  MB/s 
Test Time 443    : Write Speed = 591.02   MB/s | Read Speed = 1068.38  MB/s 
Test Time 444    : Write Speed = 934.58   MB/s | Read Speed = 504.03   MB/s 
Test Time 445    : Write Speed = 899.28   MB/s | Read Speed = 1138.95  MB/s 
Test Time 446    : Write Speed = 899.28   MB/s | Read Speed = 1144.16  MB/s 
Test Time 447    : Write Speed = 909.09   MB/s | Read Speed = 1152.07  MB/s 
Test Time 448    : Write Speed = 924.21   MB/s | Read Speed = 1160.09  MB/s 
Test Time 449    : Write Speed = 912.41   MB/s | Read Speed = 505.56   MB/s 
Test Time 450    : Write Speed = 938.09   MB/s | Read Speed = 1154.73  MB/s 
Test Time 451    : Write Speed = 884.96   MB/s | Read Speed = 1128.67  MB/s 
Test Time 452    : Write Speed = 905.80   MB/s | Read Speed = 1160.09  MB/s 
Test Time 453    : Write Speed = 727.80   MB/s | Read Speed = 1154.73  MB/s 
Test Time 454    : Write Speed = 925.93   MB/s | Read Speed = 506.07   MB/s 
Test Time 455    : Write Speed = 929.37   MB/s | Read Speed = 1149.43  MB/s 
Test Time 456    : Write Speed = 915.75   MB/s | Read Speed = 1157.41  MB/s 
Test Time 457    : Write Speed = 920.81   MB/s | Read Speed = 1165.50  MB/s 
Test Time 458    : Write Speed = 586.85   MB/s | Read Speed = 1061.57  MB/s 
Test Time 459    : Write Speed = 919.12   MB/s | Read Speed = 502.51   MB/s 
Test Time 460    : Write Speed = 941.62   MB/s | Read Speed = 1157.41  MB/s 
Test Time 461    : Write Speed = 904.16   MB/s | Read Speed = 1144.16  MB/s 
Test Time 462    : Write Speed = 826.45   MB/s | Read Speed = 1123.60  MB/s 
Test Time 463    : Write Speed = 917.43   MB/s | Read Speed = 1182.03  MB/s 
Test Time 464    : Write Speed = 859.11   MB/s | Read Speed = 493.10   MB/s 
Test Time 465    : Write Speed = 909.09   MB/s | Read Speed = 1136.36  MB/s 
Test Time 466    : Write Speed = 894.45   MB/s | Read Speed = 1146.79  MB/s 
Test Time 467    : Write Speed = 904.16   MB/s | Read Speed = 1152.07  MB/s 
Test Time 468    : Write Speed = 914.08   MB/s | Read Speed = 1152.07  MB/s 
Test Time 469    : Write Speed = 912.41   MB/s | Read Speed = 501.00   MB/s 
Test Time 470    : Write Speed = 914.08   MB/s | Read Speed = 1157.41  MB/s 
Test Time 471    : Write Speed = 902.53   MB/s | Read Speed = 1128.67  MB/s 
Test Time 472    : Write Speed = 919.12   MB/s | Read Speed = 1160.09  MB/s 
Test Time 473    : Write Speed = 591.72   MB/s | Read Speed = 1068.38  MB/s 
Test Time 474    : Write Speed = 929.37   MB/s | Read Speed = 504.03   MB/s 
Test Time 475    : Write Speed = 948.77   MB/s | Read Speed = 1160.09  MB/s 
Test Time 476    : Write Speed = 919.12   MB/s | Read Speed = 1173.71  MB/s 
Test Time 477    : Write Speed = 912.41   MB/s | Read Speed = 1149.43  MB/s 
Test Time 478    : Write Speed = 892.86   MB/s | Read Speed = 1136.36  MB/s 
Test Time 479    : Write Speed = 894.45   MB/s | Read Speed = 496.52   MB/s 
Test Time 480    : Write Speed = 902.53   MB/s | Read Speed = 1144.16  MB/s 
Test Time 481    : Write Speed = 912.41   MB/s | Read Speed = 1157.41  MB/s 
Test Time 482    : Write Speed = 915.75   MB/s | Read Speed = 1144.16  MB/s 
Test Time 483    : Write Speed = 927.64   MB/s | Read Speed = 1157.41  MB/s 
Test Time 484    : Write Speed = 878.73   MB/s | Read Speed = 496.52   MB/s 
Test Time 485    : Write Speed = 837.52   MB/s | Read Speed = 1111.11  MB/s 
Test Time 486    : Write Speed = 871.08   MB/s | Read Speed = 1086.96  MB/s 
Test Time 487    : Write Speed = 843.17   MB/s | Read Speed = 967.12   MB/s 
Test Time 488    : Write Speed = 871.08   MB/s | Read Speed = 1133.79  MB/s 
Test Time 489    : Write Speed = 886.52   MB/s | Read Speed = 506.59   MB/s 
Test Time 490    : Write Speed = 917.43   MB/s | Read Speed = 1146.79  MB/s 
Test Time 491    : Write Speed = 904.16   MB/s | Read Speed = 1138.95  MB/s 
Test Time 492    : Write Speed = 917.43   MB/s | Read Speed = 1165.50  MB/s 
Test Time 493    : Write Speed = 922.51   MB/s | Read Speed = 1160.09  MB/s 
Test Time 494    : Write Speed = 915.75   MB/s | Read Speed = 488.76   MB/s 
Test Time 495    : Write Speed = 872.60   MB/s | Read Speed = 1121.08  MB/s 
Test Time 496    : Write Speed = 884.96   MB/s | Read Speed = 1133.79  MB/s 
Test Time 497    : Write Speed = 897.67   MB/s | Read Speed = 1138.95  MB/s 
Test Time 498    : Write Speed = 877.19   MB/s | Read Speed = 1126.13  MB/s 
Test Time 499    : Write Speed = 907.44   MB/s | Read Speed = 502.51   MB/s 
Test Time 500    : Write Speed = 875.66   MB/s | Read Speed = 1126.13  MB/s 
Test Time 501    : Write Speed = 899.28   MB/s | Read Speed = 1152.07  MB/s 
Test Time 502    : Write Speed = 909.09   MB/s | Read Speed = 1154.73  MB/s 
Test Time 503    : Write Speed = 594.53   MB/s | Read Speed = 1063.83  MB/s 
Test Time 504    : Write Speed = 920.81   MB/s | Read Speed = 498.50   MB/s 
Test Time 505    : Write Speed = 897.67   MB/s | Read Speed = 477.10   MB/s 
Test Time 506    : Write Speed = 904.16   MB/s | Read Speed = 1149.43  MB/s 
Test Time 507    : Write Speed = 915.75   MB/s | Read Speed = 1160.09  MB/s 
Test Time 508    : Write Speed = 909.09   MB/s | Read Speed = 1152.07  MB/s 
Test Time 509    : Write Speed = 585.48   MB/s | Read Speed = 1066.10  MB/s 
Test Time 510    : Write Speed = 919.12   MB/s | Read Speed = 504.54   MB/s 
Test Time 511    : Write Speed = 910.75   MB/s | Read Speed = 1136.36  MB/s 
Test Time 512    : Write Speed = 915.75   MB/s | Read Speed = 1162.79  MB/s 
Test Time 513    : Write Speed = 920.81   MB/s | Read Speed = 1160.09  MB/s 
Test Time 514    : Write Speed = 733.14   MB/s | Read Speed = 1149.43  MB/s 
Test Time 515    : Write Speed = 912.41   MB/s | Read Speed = 512.82   MB/s 
Test Time 516    : Write Speed = 922.51   MB/s | Read Speed = 1154.73  MB/s 
Test Time 517    : Write Speed = 922.51   MB/s | Read Speed = 1160.09  MB/s 
Test Time 518    : Write Speed = 914.08   MB/s | Read Speed = 1157.41  MB/s 
Test Time 519    : Write Speed = 596.66   MB/s | Read Speed = 1072.96  MB/s 
Test Time 520    : Write Speed = 902.53   MB/s | Read Speed = 507.10   MB/s 
Test Time 521    : Write Speed = 936.33   MB/s | Read Speed = 1160.09  MB/s 
Test Time 522    : Write Speed = 925.93   MB/s | Read Speed = 1152.07  MB/s 
Test Time 523    : Write Speed = 920.81   MB/s | Read Speed = 1154.73  MB/s 
Test Time 524    : Write Speed = 915.75   MB/s | Read Speed = 1154.73  MB/s 
Test Time 525    : Write Speed = 904.16   MB/s | Read Speed = 499.50   MB/s 
Test Time 526    : Write Speed = 919.12   MB/s | Read Speed = 1154.73  MB/s 
Test Time 527    : Write Speed = 907.44   MB/s | Read Speed = 1144.16  MB/s 
Test Time 528    : Write Speed = 868.06   MB/s | Read Speed = 1123.60  MB/s 
Test Time 529    : Write Speed = 897.67   MB/s | Read Speed = 1133.79  MB/s 
Test Time 530    : Write Speed = 897.67   MB/s | Read Speed = 500.50   MB/s 
Test Time 531    : Write Speed = 900.90   MB/s | Read Speed = 1136.36  MB/s 
Test Time 532    : Write Speed = 894.45   MB/s | Read Speed = 1133.79  MB/s 
Test Time 533    : Write Speed = 912.41   MB/s | Read Speed = 1157.41  MB/s 
Test Time 534    : Write Speed = 912.41   MB/s | Read Speed = 1162.79  MB/s 
Test Time 535    : Write Speed = 907.44   MB/s | Read Speed = 503.02   MB/s 
Test Time 536    : Write Speed = 912.41   MB/s | Read Speed = 1157.41  MB/s 
Test Time 537    : Write Speed = 869.57   MB/s | Read Speed = 1128.67  MB/s 
Test Time 538    : Write Speed = 875.66   MB/s | Read Speed = 1126.13  MB/s 
Test Time 539    : Write Speed = 539.96   MB/s | Read Speed = 984.25   MB/s 
Test Time 540    : Write Speed = 570.78   MB/s | Read Speed = 1026.69  MB/s 
Test Time 541    : Write Speed = 880.28   MB/s | Read Speed = 1131.22  MB/s 
Test Time 542    : Write Speed = 924.21   MB/s | Read Speed = 1144.16  MB/s 
Test Time 543    : Write Speed = 915.75   MB/s | Read Speed = 1154.73  MB/s 
Test Time 544    : Write Speed = 889.68   MB/s | Read Speed = 1138.95  MB/s 
Test Time 545    : Write Speed = 886.52   MB/s | Read Speed = 498.01   MB/s 
Test Time 546    : Write Speed = 907.44   MB/s | Read Speed = 1154.73  MB/s 
Test Time 547    : Write Speed = 900.90   MB/s | Read Speed = 1154.73  MB/s 
Test Time 548    : Write Speed = 925.93   MB/s | Read Speed = 1165.50  MB/s 
Test Time 549    : Write Speed = 586.85   MB/s | Read Speed = 1061.57  MB/s 
Test Time 550    : Write Speed = 920.81   MB/s | Read Speed = 505.05   MB/s 
Test Time 551    : Write Speed = 909.09   MB/s | Read Speed = 1141.55  MB/s 
Test Time 552    : Write Speed = 904.16   MB/s | Read Speed = 1149.43  MB/s 
Test Time 553    : Write Speed = 922.51   MB/s | Read Speed = 1154.73  MB/s 
Test Time 554    : Write Speed = 910.75   MB/s | Read Speed = 1152.07  MB/s 
Test Time 555    : Write Speed = 914.08   MB/s | Read Speed = 511.77   MB/s 
Test Time 556    : Write Speed = 920.81   MB/s | Read Speed = 1152.07  MB/s 
Test Time 557    : Write Speed = 917.43   MB/s | Read Speed = 1160.09  MB/s 
Test Time 558    : Write Speed = 905.80   MB/s | Read Speed = 1141.55  MB/s 
Test Time 559    : Write Speed = 582.07   MB/s | Read Speed = 1063.83  MB/s 
Test Time 560    : Write Speed = 914.08   MB/s | Read Speed = 510.20   MB/s 
Test Time 561    : Write Speed = 950.57   MB/s | Read Speed = 1157.41  MB/s 
Test Time 562    : Write Speed = 888.10   MB/s | Read Speed = 1144.16  MB/s 
Test Time 563    : Write Speed = 902.53   MB/s | Read Speed = 1144.16  MB/s 
Test Time 564    : Write Speed = 914.08   MB/s | Read Speed = 1160.09  MB/s 
Test Time 565    : Write Speed = 899.28   MB/s | Read Speed = 506.59   MB/s 
Test Time 566    : Write Speed = 904.16   MB/s | Read Speed = 1154.73  MB/s 
Test Time 567    : Write Speed = 907.44   MB/s | Read Speed = 1152.07  MB/s 
Test Time 568    : Write Speed = 910.75   MB/s | Read Speed = 1168.22  MB/s 
Test Time 569    : Write Speed = 603.14   MB/s | Read Speed = 1072.96  MB/s 
Test Time 570    : Write Speed = 922.51   MB/s | Read Speed = 500.50   MB/s 
Test Time 571    : Write Speed = 925.93   MB/s | Read Speed = 1149.43  MB/s 
Test Time 572    : Write Speed = 909.09   MB/s | Read Speed = 1149.43  MB/s 
Test Time 573    : Write Speed = 915.75   MB/s | Read Speed = 1152.07  MB/s 
Test Time 574    : Write Speed = 924.21   MB/s | Read Speed = 1165.50  MB/s 
Test Time 575    : Write Speed = 915.75   MB/s | Read Speed = 500.50   MB/s 
Test Time 576    : Write Speed = 912.41   MB/s | Read Speed = 1149.43  MB/s 
Test Time 577    : Write Speed = 922.51   MB/s | Read Speed = 1157.41  MB/s 
Test Time 578    : Write Speed = 892.86   MB/s | Read Speed = 1141.55  MB/s 
Test Time 579    : Write Speed = 593.12   MB/s | Read Speed = 1072.96  MB/s 
Test Time 580    : Write Speed = 917.43   MB/s | Read Speed = 501.50   MB/s 
Test Time 581    : Write Speed = 938.09   MB/s | Read Speed = 1173.71  MB/s 
Test Time 582    : Write Speed = 927.64   MB/s | Read Speed = 1160.09  MB/s 
Test Time 583    : Write Speed = 902.53   MB/s | Read Speed = 1146.79  MB/s 
Test Time 584    : Write Speed = 904.16   MB/s | Read Speed = 1101.32  MB/s 
Test Time 585    : Write Speed = 900.90   MB/s | Read Speed = 501.00   MB/s 
Test Time 586    : Write Speed = 900.90   MB/s | Read Speed = 1141.55  MB/s 
Test Time 587    : Write Speed = 919.12   MB/s | Read Speed = 1157.41  MB/s 
Test Time 588    : Write Speed = 912.41   MB/s | Read Speed = 1154.73  MB/s 
Test Time 589    : Write Speed = 922.51   MB/s | Read Speed = 1154.73  MB/s 
Test Time 590    : Write Speed = 881.83   MB/s | Read Speed = 492.61   MB/s 
Test Time 591    : Write Speed = 840.34   MB/s | Read Speed = 1098.90  MB/s 
Test Time 592    : Write Speed = 874.13   MB/s | Read Speed = 1098.90  MB/s 
Test Time 593    : Write Speed = 843.17   MB/s | Read Speed = 1118.57  MB/s 
Test Time 594    : Write Speed = 847.46   MB/s | Read Speed = 1121.08  MB/s 
Test Time 595    : Write Speed = 886.52   MB/s | Read Speed = 488.76   MB/s 
Test Time 596    : Write Speed = 948.77   MB/s | Read Speed = 1146.79  MB/s 
Test Time 597    : Write Speed = 915.75   MB/s | Read Speed = 1157.41  MB/s 
Test Time 598    : Write Speed = 881.83   MB/s | Read Speed = 1126.13  MB/s 
Test Time 599    : Write Speed = 829.19   MB/s | Read Speed = 1101.32  MB/s 
Test Time 600    : Write Speed = 883.39   MB/s | Read Speed = 503.52   MB/s 
Test Time 601    : Write Speed = 922.51   MB/s | Read Speed = 1157.41  MB/s 
Test Time 602    : Write Speed = 920.81   MB/s | Read Speed = 1160.09  MB/s 
Test Time 603    : Write Speed = 914.08   MB/s | Read Speed = 1154.73  MB/s 
Test Time 604    : Write Speed = 914.08   MB/s | Read Speed = 1103.75  MB/s 
Test Time 605    : Write Speed = 886.52   MB/s | Read Speed = 508.65   MB/s 
Test Time 606    : Write Speed = 907.44   MB/s | Read Speed = 1154.73  MB/s 
Test Time 607    : Write Speed = 904.16   MB/s | Read Speed = 1154.73  MB/s 
Test Time 608    : Write Speed = 914.08   MB/s | Read Speed = 1165.50  MB/s 
Test Time 609    : Write Speed = 603.14   MB/s | Read Speed = 1070.66  MB/s 
Test Time 610    : Write Speed = 920.81   MB/s | Read Speed = 500.50   MB/s 
Test Time 611    : Write Speed = 914.08   MB/s | Read Speed = 1138.95  MB/s 
Test Time 612    : Write Speed = 904.16   MB/s | Read Speed = 1149.43  MB/s 
Test Time 613    : Write Speed = 910.75   MB/s | Read Speed = 1157.41  MB/s 
Test Time 614    : Write Speed = 914.08   MB/s | Read Speed = 1157.41  MB/s 
Test Time 615    : Write Speed = 924.21   MB/s | Read Speed = 502.51   MB/s 
Test Time 616    : Write Speed = 925.93   MB/s | Read Speed = 1160.09  MB/s 
Test Time 617    : Write Speed = 917.43   MB/s | Read Speed = 1157.41  MB/s 
Test Time 618    : Write Speed = 899.28   MB/s | Read Speed = 1133.79  MB/s 
Test Time 619    : Write Speed = 589.62   MB/s | Read Speed = 1066.10  MB/s 
Test Time 620    : Write Speed = 924.21   MB/s | Read Speed = 478.47   MB/s 
Test Time 621    : Write Speed = 946.97   MB/s | Read Speed = 1141.55  MB/s 
Test Time 622    : Write Speed = 914.08   MB/s | Read Speed = 1146.79  MB/s 
Test Time 623    : Write Speed = 917.43   MB/s | Read Speed = 1152.07  MB/s 
Test Time 624    : Write Speed = 904.16   MB/s | Read Speed = 1138.95  MB/s 
Test Time 625    : Write Speed = 907.44   MB/s | Read Speed = 499.00   MB/s 
Test Time 626    : Write Speed = 919.12   MB/s | Read Speed = 1152.07  MB/s 
Test Time 627    : Write Speed = 915.75   MB/s | Read Speed = 1154.73  MB/s 
Test Time 628    : Write Speed = 925.93   MB/s | Read Speed = 1162.79  MB/s 
Test Time 629    : Write Speed = 588.24   MB/s | Read Speed = 1068.38  MB/s 
Test Time 630    : Write Speed = 878.73   MB/s | Read Speed = 486.38   MB/s 
Test Time 631    : Write Speed = 905.80   MB/s | Read Speed = 500.50   MB/s 
Test Time 632    : Write Speed = 900.90   MB/s | Read Speed = 1152.07  MB/s 
Test Time 633    : Write Speed = 909.09   MB/s | Read Speed = 1157.41  MB/s 
Test Time 634    : Write Speed = 929.37   MB/s | Read Speed = 1152.07  MB/s 
Test Time 635    : Write Speed = 594.53   MB/s | Read Speed = 1066.10  MB/s 
Test Time 636    : Write Speed = 919.12   MB/s | Read Speed = 475.29   MB/s 
Test Time 637    : Write Speed = 902.53   MB/s | Read Speed = 1144.16  MB/s 
Test Time 638    : Write Speed = 894.45   MB/s | Read Speed = 1082.25  MB/s 
Test Time 639    : Write Speed = 891.27   MB/s | Read Speed = 1136.36  MB/s 
Test Time 640    : Write Speed = 907.44   MB/s | Read Speed = 1146.79  MB/s 
Test Time 641    : Write Speed = 919.12   MB/s | Read Speed = 496.52   MB/s 
Test Time 642    : Write Speed = 929.37   MB/s | Read Speed = 1157.41  MB/s 
Test Time 643    : Write Speed = 919.12   MB/s | Read Speed = 1152.07  MB/s 
Test Time 644    : Write Speed = 874.13   MB/s | Read Speed = 1082.25  MB/s 
Test Time 645    : Write Speed = 843.17   MB/s | Read Speed = 1123.60  MB/s 
Test Time 646    : Write Speed = 871.08   MB/s | Read Speed = 431.41   MB/s 
Test Time 647    : Write Speed = 896.06   MB/s | Read Speed = 500.00   MB/s 
Test Time 648    : Write Speed = 880.28   MB/s | Read Speed = 1138.95  MB/s 
Test Time 649    : Write Speed = 907.44   MB/s | Read Speed = 1149.43  MB/s 
Test Time 650    : Write Speed = 919.12   MB/s | Read Speed = 1154.73  MB/s 
Test Time 651    : Write Speed = 578.70   MB/s | Read Speed = 1052.63  MB/s 
Test Time 652    : Write Speed = 914.08   MB/s | Read Speed = 506.07   MB/s 
Test Time 653    : Write Speed = 925.93   MB/s | Read Speed = 1152.07  MB/s 
Test Time 654    : Write Speed = 904.16   MB/s | Read Speed = 1144.16  MB/s 
Test Time 655    : Write Speed = 917.43   MB/s | Read Speed = 1157.41  MB/s 
Test Time 656    : Write Speed = 905.80   MB/s | Read Speed = 1157.41  MB/s 
Test Time 657    : Write Speed = 917.43   MB/s | Read Speed = 506.59   MB/s 
Test Time 658    : Write Speed = 883.39   MB/s | Read Speed = 1133.79  MB/s 
Test Time 659    : Write Speed = 769.23   MB/s | Read Speed = 907.44   MB/s 
Test Time 660    : Write Speed = 749.63   MB/s | Read Speed = 1066.10  MB/s 
Test Time 661    : Write Speed = 851.79   MB/s | Read Speed = 1123.60  MB/s 
Test Time 662    : Write Speed = 589.62   MB/s | Read Speed = 1033.06  MB/s 
Test Time 663    : Write Speed = 917.43   MB/s | Read Speed = 1146.79  MB/s 
Test Time 664    : Write Speed = 888.10   MB/s | Read Speed = 1141.55  MB/s 
Test Time 665    : Write Speed = 896.06   MB/s | Read Speed = 1141.55  MB/s 
Test Time 666    : Write Speed = 892.86   MB/s | Read Speed = 1149.43  MB/s 
Test Time 667    : Write Speed = 914.08   MB/s | Read Speed = 503.02   MB/s 
Test Time 668    : Write Speed = 914.08   MB/s | Read Speed = 1157.41  MB/s 
Test Time 669    : Write Speed = 915.75   MB/s | Read Speed = 1152.07  MB/s 
Test Time 670    : Write Speed = 915.75   MB/s | Read Speed = 1144.16  MB/s 
Test Time 671    : Write Speed = 579.37   MB/s | Read Speed = 1050.42  MB/s 
Test Time 672    : Write Speed = 919.12   MB/s | Read Speed = 499.50   MB/s 
Test Time 673    : Write Speed = 959.69   MB/s | Read Speed = 1157.41  MB/s 
Test Time 674    : Write Speed = 929.37   MB/s | Read Speed = 1160.09  MB/s 
Test Time 675    : Write Speed = 924.21   MB/s | Read Speed = 1162.79  MB/s 
Test Time 676    : Write Speed = 899.28   MB/s | Read Speed = 1138.95  MB/s 
Test Time 677    : Write Speed = 900.90   MB/s | Read Speed = 500.50   MB/s 
Test Time 678    : Write Speed = 899.28   MB/s | Read Speed = 1136.36  MB/s 
Test Time 679    : Write Speed = 912.41   MB/s | Read Speed = 1152.07  MB/s 
Test Time 680    : Write Speed = 922.51   MB/s | Read Speed = 1157.41  MB/s 
Test Time 681    : Write Speed = 581.40   MB/s | Read Speed = 1066.10  MB/s 
Test Time 682    : Write Speed = 915.75   MB/s | Read Speed = 491.64   MB/s 
Test Time 683    : Write Speed = 941.62   MB/s | Read Speed = 476.19   MB/s 
Test Time 684    : Write Speed = 910.75   MB/s | Read Speed = 1131.22  MB/s 
Test Time 685    : Write Speed = 874.13   MB/s | Read Speed = 1138.95  MB/s 
Test Time 686    : Write Speed = 919.12   MB/s | Read Speed = 1144.16  MB/s 
Test Time 687    : Write Speed = 597.37   MB/s | Read Speed = 1070.66  MB/s 
Test Time 688    : Write Speed = 929.37   MB/s | Read Speed = 504.03   MB/s 
Test Time 689    : Write Speed = 945.18   MB/s | Read Speed = 1162.79  MB/s 
Test Time 690    : Write Speed = 909.09   MB/s | Read Speed = 1154.73  MB/s 
Test Time 691    : Write Speed = 899.28   MB/s | Read Speed = 1089.32  MB/s 
Test Time 692    : Write Speed = 892.86   MB/s | Read Speed = 1126.13  MB/s 
Test Time 693    : Write Speed = 872.60   MB/s | Read Speed = 491.16   MB/s 
Test Time 694    : Write Speed = 924.21   MB/s | Read Speed = 1144.16  MB/s 
Test Time 695    : Write Speed = 875.66   MB/s | Read Speed = 1131.22  MB/s 
Test Time 696    : Write Speed = 892.86   MB/s | Read Speed = 1144.16  MB/s 
Test Time 697    : Write Speed = 884.96   MB/s | Read Speed = 1091.70  MB/s 
Test Time 698    : Write Speed = 837.52   MB/s | Read Speed = 485.91   MB/s 
Test Time 699    : Write Speed = 871.08   MB/s | Read Speed = 487.80   MB/s 
Test Time 700    : Write Speed = 854.70   MB/s | Read Speed = 1123.60  MB/s 
Test Time 701    : Write Speed = 877.19   MB/s | Read Speed = 1136.36  MB/s 
Test Time 702    : Write Speed = 900.90   MB/s | Read Speed = 1141.55  MB/s 
Test Time 703    : Write Speed = 584.80   MB/s | Read Speed = 1059.32  MB/s 
Test Time 704    : Write Speed = 909.09   MB/s | Read Speed = 499.50   MB/s 
Test Time 705    : Write Speed = 914.08   MB/s | Read Speed = 1149.43  MB/s 
Test Time 706    : Write Speed = 917.43   MB/s | Read Speed = 1160.09  MB/s 
Test Time 707    : Write Speed = 915.75   MB/s | Read Speed = 1154.73  MB/s 
Test Time 708    : Write Speed = 912.41   MB/s | Read Speed = 1152.07  MB/s 
Test Time 709    : Write Speed = 922.51   MB/s | Read Speed = 501.00   MB/s 
Test Time 710    : Write Speed = 909.09   MB/s | Read Speed = 1154.73  MB/s 
Test Time 711    : Write Speed = 889.68   MB/s | Read Speed = 1157.41  MB/s 
Test Time 712    : Write Speed = 904.16   MB/s | Read Speed = 1149.43  MB/s 
Test Time 713    : Write Speed = 919.12   MB/s | Read Speed = 1162.79  MB/s 
Test Time 714    : Write Speed = 927.64   MB/s | Read Speed = 504.54   MB/s 
Test Time 715    : Write Speed = 914.08   MB/s | Read Speed = 1149.43  MB/s 
Test Time 716    : Write Speed = 905.80   MB/s | Read Speed = 1154.73  MB/s 
Test Time 717    : Write Speed = 912.41   MB/s | Read Speed = 1154.73  MB/s 
Test Time 718    : Write Speed = 588.93   MB/s | Read Speed = 1057.08  MB/s 
Test Time 719    : Write Speed = 915.75   MB/s | Read Speed = 497.51   MB/s 
Test Time 720    : Write Speed = 931.10   MB/s | Read Speed = 1002.00  MB/s 
Test Time 721    : Write Speed = 931.10   MB/s | Read Speed = 1162.79  MB/s 
Test Time 722    : Write Speed = 917.43   MB/s | Read Speed = 1152.07  MB/s 
Test Time 723    : Write Speed = 914.08   MB/s | Read Speed = 1154.73  MB/s 
Test Time 724    : Write Speed = 904.16   MB/s | Read Speed = 502.51   MB/s 
Test Time 725    : Write Speed = 897.67   MB/s | Read Speed = 1149.43  MB/s 
Test Time 726    : Write Speed = 909.09   MB/s | Read Speed = 1154.73  MB/s 
Test Time 727    : Write Speed = 925.93   MB/s | Read Speed = 1160.09  MB/s 
Test Time 728    : Write Speed = 592.42   MB/s | Read Speed = 1075.27  MB/s 
Test Time 729    : Write Speed = 941.62   MB/s | Read Speed = 502.51   MB/s 
Test Time 730    : Write Speed = 932.84   MB/s | Read Speed = 1149.43  MB/s 
Test Time 731    : Write Speed = 912.41   MB/s | Read Speed = 1144.16  MB/s 
Test Time 732    : Write Speed = 860.59   MB/s | Read Speed = 1118.57  MB/s 
Test Time 733    : Write Speed = 884.96   MB/s | Read Speed = 1144.16  MB/s 
Test Time 734    : Write Speed = 897.67   MB/s | Read Speed = 506.59   MB/s 
Test Time 735    : Write Speed = 917.43   MB/s | Read Speed = 1165.50  MB/s 
Test Time 736    : Write Speed = 907.44   MB/s | Read Speed = 1157.41  MB/s 
Test Time 737    : Write Speed = 915.75   MB/s | Read Speed = 1165.50  MB/s 
Test Time 738    : Write Speed = 594.53   MB/s | Read Speed = 1063.83  MB/s 
Test Time 739    : Write Speed = 904.16   MB/s | Read Speed = 504.03   MB/s 
Test Time 740    : Write Speed = 927.64   MB/s | Read Speed = 1144.16  MB/s 
Test Time 741    : Write Speed = 924.21   MB/s | Read Speed = 1157.41  MB/s 
Test Time 742    : Write Speed = 910.75   MB/s | Read Speed = 1154.73  MB/s 
Test Time 743    : Write Speed = 917.43   MB/s | Read Speed = 1154.73  MB/s 
Test Time 744    : Write Speed = 897.67   MB/s | Read Speed = 500.00   MB/s 
Test Time 745    : Write Speed = 892.86   MB/s | Read Speed = 1136.36  MB/s 
Test Time 746    : Write Speed = 914.08   MB/s | Read Speed = 1157.41  MB/s 
Test Time 747    : Write Speed = 917.43   MB/s | Read Speed = 1160.09  MB/s 
Test Time 748    : Write Speed = 924.21   MB/s | Read Speed = 1157.41  MB/s 
Test Time 749    : Write Speed = 917.43   MB/s | Read Speed = 507.10   MB/s 
Test Time 750    : Write Speed = 869.57   MB/s | Read Speed = 1123.60  MB/s 
Test Time 751    : Write Speed = 881.83   MB/s | Read Speed = 1118.57  MB/s 
Test Time 752    : Write Speed = 871.08   MB/s | Read Speed = 1072.96  MB/s 
Test Time 753    : Write Speed = 856.16   MB/s | Read Speed = 1126.13  MB/s 
Test Time 754    : Write Speed = 863.56   MB/s | Read Speed = 494.56   MB/s 
Test Time 755    : Write Speed = 880.28   MB/s | Read Speed = 1133.79  MB/s 
Test Time 756    : Write Speed = 907.44   MB/s | Read Speed = 1149.43  MB/s 
Test Time 757    : Write Speed = 907.44   MB/s | Read Speed = 1160.09  MB/s 
Test Time 758    : Write Speed = 583.43   MB/s | Read Speed = 1052.63  MB/s 
Test Time 759    : Write Speed = 912.41   MB/s | Read Speed = 498.50   MB/s 
Test Time 760    : Write Speed = 920.81   MB/s | Read Speed = 503.52   MB/s 
Test Time 761    : Write Speed = 917.43   MB/s | Read Speed = 1154.73  MB/s 
Test Time 762    : Write Speed = 907.44   MB/s | Read Speed = 1154.73  MB/s 
Test Time 763    : Write Speed = 909.09   MB/s | Read Speed = 1157.41  MB/s 
Test Time 764    : Write Speed = 578.03   MB/s | Read Speed = 1039.50  MB/s 
Test Time 765    : Write Speed = 905.80   MB/s | Read Speed = 505.05   MB/s 
Test Time 766    : Write Speed = 922.51   MB/s | Read Speed = 1160.09  MB/s 
Test Time 767    : Write Speed = 925.93   MB/s | Read Speed = 1154.73  MB/s 
Test Time 768    : Write Speed = 925.93   MB/s | Read Speed = 1152.07  MB/s 
Test Time 769    : Write Speed = 595.24   MB/s | Read Speed = 1070.66  MB/s 
Test Time 770    : Write Speed = 915.75   MB/s | Read Speed = 509.16   MB/s 
Test Time 771    : Write Speed = 907.44   MB/s | Read Speed = 1133.79  MB/s 
Test Time 772    : Write Speed = 907.44   MB/s | Read Speed = 1154.73  MB/s 
Test Time 773    : Write Speed = 914.08   MB/s | Read Speed = 1157.41  MB/s 
Test Time 774    : Write Speed = 915.75   MB/s | Read Speed = 1154.73  MB/s 
Test Time 775    : Write Speed = 905.80   MB/s | Read Speed = 509.68   MB/s 
Test Time 776    : Write Speed = 920.81   MB/s | Read Speed = 1128.67  MB/s 
Test Time 777    : Write Speed = 948.77   MB/s | Read Speed = 1157.41  MB/s 
Test Time 778    : Write Speed = 889.68   MB/s | Read Speed = 1131.22  MB/s 
Test Time 779    : Write Speed = 905.80   MB/s | Read Speed = 1157.41  MB/s 
Test Time 780    : Write Speed = 917.43   MB/s | Read Speed = 500.50   MB/s 
Test Time 781    : Write Speed = 910.75   MB/s | Read Speed = 1146.79  MB/s 
Test Time 782    : Write Speed = 919.12   MB/s | Read Speed = 1154.73  MB/s 
Test Time 783    : Write Speed = 915.75   MB/s | Read Speed = 1160.09  MB/s 
Test Time 784    : Write Speed = 587.54   MB/s | Read Speed = 1061.57  MB/s 
Test Time 785    : Write Speed = 922.51   MB/s | Read Speed = 503.02   MB/s 
Test Time 786    : Write Speed = 932.84   MB/s | Read Speed = 1154.73  MB/s 
Test Time 787    : Write Speed = 927.64   MB/s | Read Speed = 1154.73  MB/s 
Test Time 788    : Write Speed = 914.08   MB/s | Read Speed = 1149.43  MB/s 
Test Time 789    : Write Speed = 919.12   MB/s | Read Speed = 1160.09  MB/s 
Test Time 790    : Write Speed = 924.21   MB/s | Read Speed = 511.77   MB/s 
Test Time 791    : Write Speed = 910.75   MB/s | Read Speed = 1133.79  MB/s 
Test Time 792    : Write Speed = 889.68   MB/s | Read Speed = 1141.55  MB/s 
Test Time 793    : Write Speed = 896.06   MB/s | Read Speed = 1144.16  MB/s 
Test Time 794    : Write Speed = 579.37   MB/s | Read Speed = 1059.32  MB/s 
Test Time 795    : Write Speed = 920.81   MB/s | Read Speed = 498.50   MB/s 
Test Time 796    : Write Speed = 934.58   MB/s | Read Speed = 1160.09  MB/s 
Test Time 797    : Write Speed = 919.12   MB/s | Read Speed = 1154.73  MB/s 
Test Time 798    : Write Speed = 875.66   MB/s | Read Speed = 1116.07  MB/s 
Test Time 799    : Write Speed = 905.80   MB/s | Read Speed = 1144.16  MB/s 
Test Time 800    : Write Speed = 907.44   MB/s | Read Speed = 504.54   MB/s 
Test Time 801    : Write Speed = 922.51   MB/s | Read Speed = 1152.07  MB/s 
Test Time 802    : Write Speed = 919.12   MB/s | Read Speed = 1157.41  MB/s 
Test Time 803    : Write Speed = 656.17   MB/s | Read Speed = 741.84   MB/s 
Test Time 804    : Write Speed = 859.11   MB/s | Read Speed = 1111.11  MB/s 
Test Time 805    : Write Speed = 564.33   MB/s | Read Speed = 986.19   MB/s 
Test Time 806    : Write Speed = 883.39   MB/s | Read Speed = 470.81   MB/s 
Test Time 807    : Write Speed = 878.73   MB/s | Read Speed = 1138.95  MB/s 
Test Time 808    : Write Speed = 886.52   MB/s | Read Speed = 1128.67  MB/s 
Test Time 809    : Write Speed = 914.08   MB/s | Read Speed = 1154.73  MB/s 
Test Time 810    : Write Speed = 894.45   MB/s | Read Speed = 1136.36  MB/s 
Test Time 811    : Write Speed = 899.28   MB/s | Read Speed = 496.52   MB/s 
Test Time 812    : Write Speed = 915.75   MB/s | Read Speed = 1157.41  MB/s 
Test Time 813    : Write Speed = 904.16   MB/s | Read Speed = 1149.43  MB/s 
Test Time 814    : Write Speed = 909.09   MB/s | Read Speed = 1149.43  MB/s 
Test Time 815    : Write Speed = 593.82   MB/s | Read Speed = 1070.66  MB/s 
Test Time 816    : Write Speed = 943.40   MB/s | Read Speed = 501.50   MB/s 
Test Time 817    : Write Speed = 915.75   MB/s | Read Speed = 1149.43  MB/s 
Test Time 818    : Write Speed = 889.68   MB/s | Read Speed = 1126.13  MB/s 
Test Time 819    : Write Speed = 910.75   MB/s | Read Speed = 1165.50  MB/s 
Test Time 820    : Write Speed = 909.09   MB/s | Read Speed = 1146.79  MB/s 
Test Time 821    : Write Speed = 920.81   MB/s | Read Speed = 503.52   MB/s 
Test Time 822    : Write Speed = 914.08   MB/s | Read Speed = 1149.43  MB/s 
Test Time 823    : Write Speed = 914.08   MB/s | Read Speed = 1162.79  MB/s 
Test Time 824    : Write Speed = 910.75   MB/s | Read Speed = 1141.55  MB/s 
Test Time 825    : Write Speed = 724.64   MB/s | Read Speed = 1144.16  MB/s 
Test Time 826    : Write Speed = 912.41   MB/s | Read Speed = 507.61   MB/s 
Test Time 827    : Write Speed = 912.41   MB/s | Read Speed = 1152.07  MB/s 
Test Time 828    : Write Speed = 917.43   MB/s | Read Speed = 1160.09  MB/s 
Test Time 829    : Write Speed = 920.81   MB/s | Read Speed = 1168.22  MB/s 
Test Time 830    : Write Speed = 595.95   MB/s | Read Speed = 1084.60  MB/s 
Test Time 831    : Write Speed = 915.75   MB/s | Read Speed = 506.07   MB/s 
Test Time 832    : Write Speed = 915.75   MB/s | Read Speed = 1138.95  MB/s 
Test Time 833    : Write Speed = 860.59   MB/s | Read Speed = 1116.07  MB/s 
Test Time 834    : Write Speed = 891.27   MB/s | Read Speed = 1144.16  MB/s 
Test Time 835    : Write Speed = 910.75   MB/s | Read Speed = 1138.95  MB/s 
Test Time 836    : Write Speed = 912.41   MB/s | Read Speed = 505.56   MB/s 
Test Time 837    : Write Speed = 925.93   MB/s | Read Speed = 1149.43  MB/s 
Test Time 838    : Write Speed = 904.16   MB/s | Read Speed = 1138.95  MB/s 
Test Time 839    : Write Speed = 917.43   MB/s | Read Speed = 1146.79  MB/s 
Test Time 840    : Write Speed = 907.44   MB/s | Read Speed = 1160.09  MB/s 
Test Time 841    : Write Speed = 907.44   MB/s | Read Speed = 506.59   MB/s 
Test Time 842    : Write Speed = 910.75   MB/s | Read Speed = 1165.50  MB/s 
Test Time 843    : Write Speed = 920.81   MB/s | Read Speed = 1160.09  MB/s 
Test Time 844    : Write Speed = 909.09   MB/s | Read Speed = 1144.16  MB/s 
Test Time 845    : Write Speed = 596.66   MB/s | Read Speed = 1072.96  MB/s 
Test Time 846    : Write Speed = 929.37   MB/s | Read Speed = 500.50   MB/s 
Test Time 847    : Write Speed = 932.84   MB/s | Read Speed = 1144.16  MB/s 
Test Time 848    : Write Speed = 922.51   MB/s | Read Speed = 1154.73  MB/s 
Test Time 849    : Write Speed = 909.09   MB/s | Read Speed = 1152.07  MB/s 
Test Time 850    : Write Speed = 915.75   MB/s | Read Speed = 1157.41  MB/s 
Test Time 851    : Write Speed = 897.67   MB/s | Read Speed = 498.50   MB/s 
Test Time 852    : Write Speed = 884.96   MB/s | Read Speed = 1141.55  MB/s 
Test Time 853    : Write Speed = 897.67   MB/s | Read Speed = 1146.79  MB/s 
Test Time 854    : Write Speed = 920.81   MB/s | Read Speed = 1152.07  MB/s 
Test Time 855    : Write Speed = 912.41   MB/s | Read Speed = 1160.09  MB/s 
Test Time 856    : Write Speed = 685.87   MB/s | Read Speed = 424.45   MB/s 
Test Time 857    : Write Speed = 899.28   MB/s | Read Speed = 502.51   MB/s 
Test Time 858    : Write Speed = 872.60   MB/s | Read Speed = 1096.49  MB/s 
Test Time 859    : Write Speed = 837.52   MB/s | Read Speed = 1111.11  MB/s 
Test Time 860    : Write Speed = 874.13   MB/s | Read Speed = 1123.60  MB/s 
Test Time 861    : Write Speed = 888.10   MB/s | Read Speed = 1141.55  MB/s 
Test Time 862    : Write Speed = 909.09   MB/s | Read Speed = 507.10   MB/s 
Test Time 863    : Write Speed = 919.12   MB/s | Read Speed = 1160.09  MB/s 
Test Time 864    : Write Speed = 909.09   MB/s | Read Speed = 1146.79  MB/s 
Test Time 865    : Write Speed = 909.09   MB/s | Read Speed = 1154.73  MB/s 
Test Time 866    : Write Speed = 720.46   MB/s | Read Speed = 1136.36  MB/s 
Test Time 867    : Write Speed = 912.41   MB/s | Read Speed = 506.07   MB/s 
Test Time 868    : Write Speed = 932.84   MB/s | Read Speed = 1154.73  MB/s 
Test Time 869    : Write Speed = 919.12   MB/s | Read Speed = 1152.07  MB/s 
Test Time 870    : Write Speed = 927.64   MB/s | Read Speed = 1157.41  MB/s 
Test Time 871    : Write Speed = 572.74   MB/s | Read Speed = 1048.22  MB/s 
Test Time 872    : Write Speed = 904.16   MB/s | Read Speed = 496.03   MB/s 
Test Time 873    : Write Speed = 932.84   MB/s | Read Speed = 1152.07  MB/s 
Test Time 874    : Write Speed = 927.64   MB/s | Read Speed = 1157.41  MB/s 
Test Time 875    : Write Speed = 920.81   MB/s | Read Speed = 1152.07  MB/s 
Test Time 876    : Write Speed = 907.44   MB/s | Read Speed = 1144.16  MB/s 
Test Time 877    : Write Speed = 580.05   MB/s | Read Speed = 1054.85  MB/s 
Test Time 878    : Write Speed = 900.90   MB/s | Read Speed = 505.05   MB/s 
Test Time 879    : Write Speed = 902.53   MB/s | Read Speed = 1146.79  MB/s 
Test Time 880    : Write Speed = 907.44   MB/s | Read Speed = 1160.09  MB/s 
Test Time 881    : Write Speed = 931.10   MB/s | Read Speed = 1152.07  MB/s 
Test Time 882    : Write Speed = 595.24   MB/s | Read Speed = 1066.10  MB/s 
Test Time 883    : Write Speed = 927.64   MB/s | Read Speed = 508.13   MB/s 
Test Time 884    : Write Speed = 931.10   MB/s | Read Speed = 1141.55  MB/s 
Test Time 885    : Write Speed = 920.81   MB/s | Read Speed = 1160.09  MB/s 
Test Time 886    : Write Speed = 915.75   MB/s | Read Speed = 1154.73  MB/s 
Test Time 887    : Write Speed = 919.12   MB/s | Read Speed = 1165.50  MB/s 
Test Time 888    : Write Speed = 902.53   MB/s | Read Speed = 501.50   MB/s 
Test Time 889    : Write Speed = 924.21   MB/s | Read Speed = 1154.73  MB/s 
Test Time 890    : Write Speed = 929.37   MB/s | Read Speed = -0.50    MB/s 
Test Time 891    : Write Speed = 862.07   MB/s | Read Speed = 1108.65  MB/s 
Test Time 892    : Write Speed = 883.39   MB/s | Read Speed = 990.10   MB/s 
Test Time 893    : Write Speed = 587.54   MB/s | Read Speed = 1070.66  MB/s 
Test Time 894    : Write Speed = 929.37   MB/s | Read Speed = 499.50   MB/s 
Test Time 895    : Write Speed = 917.43   MB/s | Read Speed = 1154.73  MB/s 
Test Time 896    : Write Speed = 900.90   MB/s | Read Speed = 1138.95  MB/s 
Test Time 897    : Write Speed = 912.41   MB/s | Read Speed = 1162.79  MB/s 
Test Time 898    : Write Speed = 576.04   MB/s | Read Speed = 1048.22  MB/s 
Test Time 899    : Write Speed = 912.41   MB/s | Read Speed = 497.51   MB/s 
Test Time 900    : Write Speed = 920.81   MB/s | Read Speed = 1146.79  MB/s 
Test Time 901    : Write Speed = 929.37   MB/s | Read Speed = 1160.09  MB/s 
Test Time 902    : Write Speed = 920.81   MB/s | Read Speed = 1149.43  MB/s 
Test Time 903    : Write Speed = 924.21   MB/s | Read Speed = 1160.09  MB/s 
Test Time 904    : Write Speed = 897.67   MB/s | Read Speed = 499.00   MB/s 
Test Time 905    : Write Speed = 884.96   MB/s | Read Speed = 1128.67  MB/s 
Test Time 906    : Write Speed = 897.67   MB/s | Read Speed = 1168.22  MB/s 
Test Time 907    : Write Speed = 934.58   MB/s | Read Speed = 1162.79  MB/s 
Test Time 908    : Write Speed = 924.21   MB/s | Read Speed = 1157.41  MB/s 
Test Time 909    : Write Speed = 931.10   MB/s | Read Speed = 509.16   MB/s 
Test Time 910    : Write Speed = 881.83   MB/s | Read Speed = 1089.32  MB/s 
Test Time 911    : Write Speed = 853.24   MB/s | Read Speed = 1106.19  MB/s 
Test Time 912    : Write Speed = 871.08   MB/s | Read Speed = 1084.60  MB/s 
Test Time 913    : Write Speed = 555.56   MB/s | Read Speed = 1024.59  MB/s 
Test Time 914    : Write Speed = 583.43   MB/s | Read Speed = 1037.34  MB/s 
Test Time 915    : Write Speed = 892.86   MB/s | Read Speed = 1133.79  MB/s 
Test Time 916    : Write Speed = 905.80   MB/s | Read Speed = 1144.16  MB/s 
Test Time 917    : Write Speed = 924.21   MB/s | Read Speed = 1160.09  MB/s 
Test Time 918    : Write Speed = 880.28   MB/s | Read Speed = 1128.67  MB/s 
Test Time 919    : Write Speed = 902.53   MB/s | Read Speed = 501.50   MB/s 
Test Time 920    : Write Speed = 907.44   MB/s | Read Speed = 1144.16  MB/s 
Test Time 921    : Write Speed = 904.16   MB/s | Read Speed = 1152.07  MB/s 
Test Time 922    : Write Speed = 919.12   MB/s | Read Speed = 1157.41  MB/s 
Test Time 923    : Write Speed = 595.24   MB/s | Read Speed = 1077.59  MB/s 
Test Time 924    : Write Speed = 897.67   MB/s | Read Speed = 493.10   MB/s 
Test Time 925    : Write Speed = 915.75   MB/s | Read Speed = 1141.55  MB/s 
Test Time 926    : Write Speed = 910.75   MB/s | Read Speed = 1160.09  MB/s 
Test Time 927    : Write Speed = 912.41   MB/s | Read Speed = 1152.07  MB/s 
Test Time 928    : Write Speed = 915.75   MB/s | Read Speed = 1149.43  MB/s 
Test Time 929    : Write Speed = 929.37   MB/s | Read Speed = 503.52   MB/s 
Test Time 930    : Write Speed = 904.16   MB/s | Read Speed = 1141.55  MB/s 
Test Time 931    : Write Speed = 900.90   MB/s | Read Speed = 1138.95  MB/s 
Test Time 932    : Write Speed = 904.16   MB/s | Read Speed = 1160.09  MB/s 
Test Time 933    : Write Speed = 915.75   MB/s | Read Speed = 1157.41  MB/s 
Test Time 934    : Write Speed = 925.93   MB/s | Read Speed = 504.03   MB/s 
Test Time 935    : Write Speed = 860.59   MB/s | Read Speed = 970.87   MB/s 
Test Time 936    : Write Speed = 886.52   MB/s | Read Speed = 1141.55  MB/s 
Test Time 937    : Write Speed = 894.45   MB/s | Read Speed = 1141.55  MB/s 
Test Time 938    : Write Speed = 705.22   MB/s | Read Speed = 1136.36  MB/s 
Test Time 939    : Write Speed = 910.75   MB/s | Read Speed = 506.07   MB/s 
Test Time 940    : Write Speed = 912.41   MB/s | Read Speed = 1154.73  MB/s 
Test Time 941    : Write Speed = 914.08   MB/s | Read Speed = 1157.41  MB/s 
Test Time 942    : Write Speed = 924.21   MB/s | Read Speed = 1157.41  MB/s 
Test Time 943    : Write Speed = 589.62   MB/s | Read Speed = 1070.66  MB/s 
Test Time 944    : Write Speed = 899.28   MB/s | Read Speed = 500.50   MB/s 
Test Time 945    : Write Speed = 938.09   MB/s | Read Speed = 1146.79  MB/s 
Test Time 946    : Write Speed = 927.64   MB/s | Read Speed = 1157.41  MB/s 
Test Time 947    : Write Speed = 922.51   MB/s | Read Speed = 1152.07  MB/s 
Test Time 948    : Write Speed = 927.64   MB/s | Read Speed = 1157.41  MB/s 
Test Time 949    : Write Speed = 904.16   MB/s | Read Speed = 507.61   MB/s 
Test Time 950    : Write Speed = 920.81   MB/s | Read Speed = 1165.50  MB/s 
Test Time 951    : Write Speed = 891.27   MB/s | Read Speed = 1136.36  MB/s 
Test Time 952    : Write Speed = 912.41   MB/s | Read Speed = 1162.79  MB/s 
Test Time 953    : Write Speed = 592.42   MB/s | Read Speed = 1072.96  MB/s 
Test Time 954    : Write Speed = 914.08   MB/s | Read Speed = 505.05   MB/s 
Test Time 955    : Write Speed = 927.64   MB/s | Read Speed = 1146.79  MB/s 
Test Time 956    : Write Speed = 912.41   MB/s | Read Speed = 1160.09  MB/s 
Test Time 957    : Write Speed = 905.80   MB/s | Read Speed = 1091.70  MB/s 
Test Time 958    : Write Speed = 875.66   MB/s | Read Speed = 1126.13  MB/s 
Test Time 959    : Write Speed = 900.90   MB/s | Read Speed = 504.03   MB/s 
Test Time 960    : Write Speed = 936.33   MB/s | Read Speed = 1157.41  MB/s 
Test Time 961    : Write Speed = 920.81   MB/s | Read Speed = 1157.41  MB/s 
Test Time 962    : Write Speed = 932.84   MB/s | Read Speed = 1162.79  MB/s 
Test Time 963    : Write Speed = 866.55   MB/s | Read Speed = 1118.57  MB/s 
Test Time 964    : Write Speed = 872.60   MB/s | Read Speed = 479.39   MB/s 
Test Time 965    : Write Speed = 872.60   MB/s | Read Speed = 1082.25  MB/s 
Test Time 966    : Write Speed = 833.33   MB/s | Read Speed = 1116.07  MB/s 
Test Time 967    : Write Speed = 877.19   MB/s | Read Speed = 1144.16  MB/s 
Test Time 968    : Write Speed = 905.80   MB/s | Read Speed = 1152.07  MB/s 
Test Time 969    : Write Speed = 897.67   MB/s | Read Speed = 493.10   MB/s 
Test Time 970    : Write Speed = 946.97   MB/s | Read Speed = 1152.07  MB/s 
Test Time 971    : Write Speed = 896.06   MB/s | Read Speed = 1138.95  MB/s 
Test Time 972    : Write Speed = 912.41   MB/s | Read Speed = 1157.41  MB/s 
Test Time 973    : Write Speed = 931.10   MB/s | Read Speed = 1154.73  MB/s 
Test Time 974    : Write Speed = 902.53   MB/s | Read Speed = 499.00   MB/s 
Test Time 975    : Write Speed = 909.09   MB/s | Read Speed = 1146.79  MB/s 
Test Time 976    : Write Speed = 910.75   MB/s | Read Speed = 1152.07  MB/s 
Test Time 977    : Write Speed = 902.53   MB/s | Read Speed = 1149.43  MB/s 
Test Time 978    : Write Speed = 575.37   MB/s | Read Speed = 1050.42  MB/s 
Test Time 979    : Write Speed = 912.41   MB/s | Read Speed = 499.50   MB/s 
Test Time 980    : Write Speed = 938.09   MB/s | Read Speed = 1152.07  MB/s 
Test Time 981    : Write Speed = 925.93   MB/s | Read Speed = 1165.50  MB/s 
Test Time 982    : Write Speed = 914.08   MB/s | Read Speed = 1149.43  MB/s 
Test Time 983    : Write Speed = 750.75   MB/s | Read Speed = 1101.32  MB/s 
Test Time 984    : Write Speed = 900.90   MB/s | Read Speed = 499.50   MB/s 
Test Time 985    : Write Speed = 927.64   MB/s | Read Speed = 1149.43  MB/s 
Test Time 986    : Write Speed = 948.77   MB/s | Read Speed = 1160.09  MB/s 
Test Time 987    : Write Speed = 931.10   MB/s | Read Speed = 1165.50  MB/s 
Test Time 988    : Write Speed = 919.12   MB/s | Read Speed = 1154.73  MB/s 
Test Time 989    : Write Speed = 907.44   MB/s | Read Speed = 486.85   MB/s 
Test Time 990    : Write Speed = 875.66   MB/s | Read Speed = 1123.60  MB/s 
Test Time 991    : Write Speed = 883.39   MB/s | Read Speed = 1128.67  MB/s 
Test Time 992    : Write Speed = 910.75   MB/s | Read Speed = 1154.73  MB/s 
Test Time 993    : Write Speed = 914.08   MB/s | Read Speed = 1146.79  MB/s 
Test Time 994    : Write Speed = 919.12   MB/s | Read Speed = 509.68   MB/s 
Test Time 995    : Write Speed = 925.93   MB/s | Read Speed = 1160.09  MB/s 
Test Time 996    : Write Speed = 909.09   MB/s | Read Speed = 1154.73  MB/s 
Test Time 997    : Write Speed = 924.21   MB/s | Read Speed = 1165.50  MB/s 
Test Time 998    : Write Speed = 580.72   MB/s | Read Speed = 1052.63  MB/s 
Test Time 999    : Write Speed = 919.12   MB/s | Read Speed = 503.52   MB/s 
Test Time 1000   : Write Speed = 938.09   MB/s | Read Speed = 1149.43  MB/s 
Test Time 1001   : Write Speed = 922.51   MB/s | Read Speed = 1160.09  MB/s 
Test Time 1002   : Write Speed = 920.81   MB/s | Read Speed = 1160.09  MB/s 
Test Time 1003   : Write Speed = 591.72   MB/s | Read Speed = 1070.66  MB/s 
Test Time 1004   : Write Speed = 904.16   MB/s | Read Speed = 499.50   MB/s 
Test Time 1005   : Write Speed = 924.21   MB/s | Read Speed = 1149.43  MB/s 
Test Time 1006   : Write Speed = 917.43   MB/s | Read Speed = 1149.43  MB/s 
Test Time 1007   : Write Speed = 925.93   MB/s | Read Speed = 1162.79  MB/s 
Test Time 1008   : Write Speed = 902.53   MB/s | Read Speed = 1138.95  MB/s 
Test Time 1009   : Write Speed = 917.43   MB/s | Read Speed = 500.50   MB/s 
Test Time 1010   : Write Speed = 909.09   MB/s | Read Speed = 1152.07  MB/s 
Test Time 1011   : Write Speed = 884.96   MB/s | Read Speed = 1118.57  MB/s 
Test Time 1012   : Write Speed = 907.44   MB/s | Read Speed = 1165.50  MB/s 
Test Time 1013   : Write Speed = 902.53   MB/s | Read Speed = 1144.16  MB/s 
Test Time 1014   : Write Speed = 909.09   MB/s | Read Speed = 500.50   MB/s 
Test Time 1015   : Write Speed = 910.75   MB/s | Read Speed = 1152.07  MB/s 
Test Time 1016   : Write Speed = 883.39   MB/s | Read Speed = 1091.70  MB/s 
Test Time 1017   : Write Speed = 841.75   MB/s | Read Speed = 1072.96  MB/s 
Test Time 1018   : Write Speed = 874.13   MB/s | Read Speed = 1084.60  MB/s 
Test Time 1019   : Write Speed = 841.75   MB/s | Read Speed = 483.56   MB/s 
Test Time 1020   : Write Speed = 896.06   MB/s | Read Speed = 1141.55  MB/s 
Test Time 1021   : Write Speed = 899.28   MB/s | Read Speed = 1146.79  MB/s 
Test Time 1022   : Write Speed = 909.09   MB/s | Read Speed = 1154.73  MB/s 
Test Time 1023   : Write Speed = 907.44   MB/s | Read Speed = 1149.43  MB/s 
Test Time 1024   : Write Speed = 580.05   MB/s | Read Speed = 1050.42  MB/s 
Test Time 1025   : Write Speed = 917.43   MB/s | Read Speed = 503.02   MB/s 
Test Time 1026   : Write Speed = 915.75   MB/s | Read Speed = 1149.43  MB/s 
Test Time 1027   : Write Speed = 904.16   MB/s | Read Speed = 1149.43  MB/s 
Test Time 1028   : Write Speed = 920.81   MB/s | Read Speed = 1157.41  MB/s 
Test Time 1029   : Write Speed = 729.93   MB/s | Read Speed = 1141.55  MB/s 
Test Time 1030   : Write Speed = 904.16   MB/s | Read Speed = 501.50   MB/s 
Test Time 1031   : Write Speed = 894.45   MB/s | Read Speed = 1136.36  MB/s 
Test Time 1032   : Write Speed = 905.80   MB/s | Read Speed = 1160.09  MB/s 
Test Time 1033   : Write Speed = 917.43   MB/s | Read Speed = 1152.07  MB/s 
Test Time 1034   : Write Speed = 932.84   MB/s | Read Speed = 1162.79  MB/s 
Test Time 1035   : Write Speed = 905.80   MB/s | Read Speed = 502.51   MB/s 
Test Time 1036   : Write Speed = 905.80   MB/s | Read Speed = 1152.07  MB/s 
Test Time 1037   : Write Speed = 841.75   MB/s | Read Speed = 1106.19  MB/s 
Test Time 1038   : Write Speed = 866.55   MB/s | Read Speed = 1160.09  MB/s 
Test Time 1039   : Write Speed = 586.85   MB/s | Read Speed = 1059.32  MB/s 
Test Time 1040   : Write Speed = 920.81   MB/s | Read Speed = 498.50   MB/s 
Test Time 1041   : Write Speed = 939.85   MB/s | Read Speed = 1157.41  MB/s 
Test Time 1042   : Write Speed = 912.41   MB/s | Read Speed = 1144.16  MB/s 
Test Time 1043   : Write Speed = 914.08   MB/s | Read Speed = 1157.41  MB/s 
Test Time 1044   : Write Speed = 889.68   MB/s | Read Speed = 1131.22  MB/s 
Test Time 1045   : Write Speed = 909.09   MB/s | Read Speed = 501.00   MB/s 
Test Time 1046   : Write Speed = 919.12   MB/s | Read Speed = 1154.73  MB/s 
Test Time 1047   : Write Speed = 856.16   MB/s | Read Speed = 1116.07  MB/s 
Test Time 1048   : Write Speed = 877.19   MB/s | Read Speed = 1136.36  MB/s 
Test Time 1049   : Write Speed = 872.60   MB/s | Read Speed = 1091.70  MB/s 
Test Time 1050   : Write Speed = 869.57   MB/s | Read Speed = 497.02   MB/s 
Test Time 1051   : Write Speed = 883.39   MB/s | Read Speed = 1141.55  MB/s 
Test Time 1052   : Write Speed = 883.39   MB/s | Read Speed = 1138.95  MB/s 
Test Time 1053   : Write Speed = 905.80   MB/s | Read Speed = 1141.55  MB/s 
Test Time 1054   : Write Speed = 909.09   MB/s | Read Speed = 1152.07  MB/s 
Test Time 1055   : Write Speed = 598.09   MB/s | Read Speed = 1054.85  MB/s 
Test Time 1056   : Write Speed = 931.10   MB/s | Read Speed = 1146.79  MB/s 
Test Time 1057   : Write Speed = 897.67   MB/s | Read Speed = 1133.79  MB/s 
Test Time 1058   : Write Speed = 912.41   MB/s | Read Speed = 1157.41  MB/s 
Test Time 1059   : Write Speed = 922.51   MB/s | Read Speed = 1162.79  MB/s 
Test Time 1060   : Write Speed = 917.43   MB/s | Read Speed = 504.54   MB/s 
Test Time 1061   : Write Speed = 919.12   MB/s | Read Speed = 1157.41  MB/s 
Test Time 1062   : Write Speed = 910.75   MB/s | Read Speed = 1154.73  MB/s 
Test Time 1063   : Write Speed = 917.43   MB/s | Read Speed = 1162.79  MB/s 
Test Time 1064   : Write Speed = 875.66   MB/s | Read Speed = 1118.57  MB/s 
Test Time 1065   : Write Speed = 929.37   MB/s | Read Speed = 506.59   MB/s 
Test Time 1066   : Write Speed = 827.81   MB/s | Read Speed = 1131.22  MB/s 
Test Time 1067   : Write Speed = 909.09   MB/s | Read Speed = 1149.43  MB/s 
Test Time 1068   : Write Speed = 896.06   MB/s | Read Speed = 1146.79  MB/s 
Test Time 1069   : Write Speed = 566.25   MB/s | Read Speed = 998.00   MB/s 
Test Time 1070   : Write Speed = 859.11   MB/s | Read Speed = 1026.69  MB/s 
Test Time 1071   : Write Speed = 872.60   MB/s | Read Speed = 1089.32  MB/s 
Test Time 1072   : Write Speed = 841.75   MB/s | Read Speed = 1118.57  MB/s 
Test Time 1073   : Write Speed = 883.39   MB/s | Read Speed = 1138.95  MB/s 
Test Time 1074   : Write Speed = 894.45   MB/s | Read Speed = 1141.55  MB/s 
Test Time 1075   : Write Speed = 912.41   MB/s | Read Speed = 493.58   MB/s 
Test Time 1076   : Write Speed = 907.44   MB/s | Read Speed = 1149.43  MB/s 
Test Time 1077   : Write Speed = 905.80   MB/s | Read Speed = 1136.36  MB/s 
Test Time 1078   : Write Speed = 939.85   MB/s | Read Speed = 1157.41  MB/s 
Test Time 1079   : Write Speed = 915.75   MB/s | Read Speed = 1152.07  MB/s 
Test Time 1080   : Write Speed = 924.21   MB/s | Read Speed = 504.03   MB/s 
Test Time 1081   : Write Speed = 914.08   MB/s | Read Speed = 1154.73  MB/s 
Test Time 1082   : Write Speed = 922.51   MB/s | Read Speed = 1154.73  MB/s 
Test Time 1083   : Write Speed = 904.16   MB/s | Read Speed = 1154.73  MB/s 
Test Time 1084   : Write Speed = 578.03   MB/s | Read Speed = 1043.84  MB/s 
Test Time 1085   : Write Speed = 922.51   MB/s | Read Speed = 500.50   MB/s 
Test Time 1086   : Write Speed = 878.73   MB/s | Read Speed = 1131.22  MB/s 
Test Time 1087   : Write Speed = 910.75   MB/s | Read Speed = 1152.07  MB/s 
Test Time 1088   : Write Speed = 909.09   MB/s | Read Speed = 1154.73  MB/s 
Test Time 1089   : Write Speed = 878.73   MB/s | Read Speed = 1126.13  MB/s 
Test Time 1090   : Write Speed = 894.45   MB/s | Read Speed = 497.02   MB/s 
Test Time 1091   : Write Speed = 899.28   MB/s | Read Speed = 1131.22  MB/s 
Test Time 1092   : Write Speed = 905.80   MB/s | Read Speed = 1154.73  MB/s 
Test Time 1093   : Write Speed = 925.93   MB/s | Read Speed = 1162.79  MB/s 
Test Time 1094   : Write Speed = 909.09   MB/s | Read Speed = 1157.41  MB/s 
Test Time 1095   : Write Speed = 919.12   MB/s | Read Speed = 508.65   MB/s 
Test Time 1096   : Write Speed = 914.08   MB/s | Read Speed = 1157.41  MB/s 
Test Time 1097   : Write Speed = 907.44   MB/s | Read Speed = 1144.16  MB/s 
Test Time 1098   : Write Speed = 922.51   MB/s | Read Speed = 1162.79  MB/s 
Test Time 1099   : Write Speed = 587.54   MB/s | Read Speed = 1068.38  MB/s 
Test Time 1100   : Write Speed = 922.51   MB/s | Read Speed = 503.52   MB/s 
Test Time 1101   : Write Speed = 927.64   MB/s | Read Speed = 1146.79  MB/s 
Test Time 1102   : Write Speed = 922.51   MB/s | Read Speed = 1157.41  MB/s 
Test Time 1103   : Write Speed = 927.64   MB/s | Read Speed = 1165.50  MB/s 
Test Time 1104   : Write Speed = 719.42   MB/s | Read Speed = 1157.41  MB/s 
Test Time 1105   : Write Speed = 924.21   MB/s | Read Speed = 508.13   MB/s 
Test Time 1106   : Write Speed = 912.41   MB/s | Read Speed = 1146.79  MB/s 
Test Time 1107   : Write Speed = 915.75   MB/s | Read Speed = 1162.79  MB/s 
Test Time 1108   : Write Speed = 917.43   MB/s | Read Speed = 1157.41  MB/s 
Test Time 1109   : Write Speed = 597.37   MB/s | Read Speed = 1024.59  MB/s 
Test Time 1110   : Write Speed = 931.10   MB/s | Read Speed = 457.04   MB/s 
Test Time 1111   : Write Speed = 919.12   MB/s | Read Speed = 494.07   MB/s 
Test Time 1112   : Write Speed = 925.93   MB/s | Read Speed = 1162.79  MB/s 
Test Time 1113   : Write Speed = 909.09   MB/s | Read Speed = 1144.16  MB/s 
Test Time 1114   : Write Speed = 924.21   MB/s | Read Speed = 1154.73  MB/s 
Test Time 1115   : Write Speed = 576.04   MB/s | Read Speed = 1052.63  MB/s 
Test Time 1116   : Write Speed = 914.08   MB/s | Read Speed = 500.50   MB/s 
Test Time 1117   : Write Speed = 915.75   MB/s | Read Speed = 507.10   MB/s 
Test Time 1118   : Write Speed = 897.67   MB/s | Read Speed = 1136.36  MB/s 
Test Time 1119   : Write Speed = 909.09   MB/s | Read Speed = 1149.43  MB/s 
Test Time 1120   : Write Speed = 917.43   MB/s | Read Speed = 1149.43  MB/s 
Test Time 1121   : Write Speed = 592.42   MB/s | Read Speed = 1066.10  MB/s 
Test Time 1122   : Write Speed = 871.08   MB/s | Read Speed = 479.85   MB/s 
Test Time 1123   : Write Speed = 878.73   MB/s | Read Speed = 1138.95  MB/s 
Test Time 1124   : Write Speed = 869.57   MB/s | Read Speed = 1082.25  MB/s 
Test Time 1125   : Write Speed = 834.72   MB/s | Read Speed = 1108.65  MB/s 
Test Time 1126   : Write Speed = 875.66   MB/s | Read Speed = 1128.67  MB/s 
Test Time 1127   : Write Speed = 894.45   MB/s | Read Speed = 497.51   MB/s 
Test Time 1128   : Write Speed = 938.09   MB/s | Read Speed = 1146.79  MB/s 
Test Time 1129   : Write Speed = 920.81   MB/s | Read Speed = 1182.03  MB/s 
Test Time 1130   : Write Speed = 900.90   MB/s | Read Speed = 1149.43  MB/s 
Test Time 1131   : Write Speed = 891.27   MB/s | Read Speed = 1136.36  MB/s 
Test Time 1132   : Write Speed = 912.41   MB/s | Read Speed = 498.50   MB/s 
Test Time 1133   : Write Speed = 905.80   MB/s | Read Speed = 1144.16  MB/s 
Test Time 1134   : Write Speed = 920.81   MB/s | Read Speed = 1157.41  MB/s 
Test Time 1135   : Write Speed = 910.75   MB/s | Read Speed = 1149.43  MB/s 
Test Time 1136   : Write Speed = 598.80   MB/s | Read Speed = 1068.38  MB/s 
Test Time 1137   : Write Speed = 904.16   MB/s | Read Speed = 494.07   MB/s 
Test Time 1138   : Write Speed = 869.57   MB/s | Read Speed = 499.00   MB/s 
Test Time 1139   : Write Speed = 889.68   MB/s | Read Speed = 1138.95  MB/s 
Test Time 1140   : Write Speed = 900.90   MB/s | Read Speed = 1152.07  MB/s 
Test Time 1141   : Write Speed = 914.08   MB/s | Read Speed = 1146.79  MB/s 
Test Time 1142   : Write Speed = 594.53   MB/s | Read Speed = 1068.38  MB/s 
Test Time 1143   : Write Speed = 925.93   MB/s | Read Speed = 506.59   MB/s 
Test Time 1144   : Write Speed = 902.53   MB/s | Read Speed = 1136.36  MB/s 
Test Time 1145   : Write Speed = 896.06   MB/s | Read Speed = 1149.43  MB/s 
Test Time 1146   : Write Speed = 905.80   MB/s | Read Speed = 1149.43  MB/s 
Test Time 1147   : Write Speed = 917.43   MB/s | Read Speed = 1050.42  MB/s 
Test Time 1148   : Write Speed = 889.68   MB/s | Read Speed = 495.54   MB/s 
Test Time 1149   : Write Speed = 914.08   MB/s | Read Speed = 1157.41  MB/s 
Test Time 1150   : Write Speed = 910.75   MB/s | Read Speed = 1154.73  MB/s 
Test Time 1151   : Write Speed = 902.53   MB/s | Read Speed = 1138.95  MB/s 
Test Time 1152   : Write Speed = 591.02   MB/s | Read Speed = 1070.66  MB/s 
Test Time 1153   : Write Speed = 924.21   MB/s | Read Speed = 500.00   MB/s 
Test Time 1154   : Write Speed = 917.43   MB/s | Read Speed = 1152.07  MB/s 
Test Time 1155   : Write Speed = 922.51   MB/s | Read Speed = 1162.79  MB/s 
Test Time 1156   : Write Speed = 929.37   MB/s | Read Speed = 1165.50  MB/s 
Test Time 1157   : Write Speed = 919.12   MB/s | Read Speed = 1144.16  MB/s 
Test Time 1158   : Write Speed = 920.81   MB/s | Read Speed = 500.00   MB/s 
Test Time 1159   : Write Speed = 915.75   MB/s | Read Speed = 1154.73  MB/s 
Test Time 1160   : Write Speed = 920.81   MB/s | Read Speed = 1162.79  MB/s 
Test Time 1161   : Write Speed = 929.37   MB/s | Read Speed = 1160.09  MB/s 
Test Time 1162   : Write Speed = 585.48   MB/s | Read Speed = 1061.57  MB/s 
Test Time 1163   : Write Speed = 920.81   MB/s | Read Speed = 500.00   MB/s 
Test Time 1164   : Write Speed = 896.06   MB/s | Read Speed = 1136.36  MB/s 
Test Time 1165   : Write Speed = 912.41   MB/s | Read Speed = 1149.43  MB/s 
Test Time 1166   : Write Speed = 909.09   MB/s | Read Speed = 1144.16  MB/s 
Test Time 1167   : Write Speed = 925.93   MB/s | Read Speed = 1154.73  MB/s 
Test Time 1168   : Write Speed = 919.12   MB/s | Read Speed = 478.47   MB/s 
Test Time 1169   : Write Speed = 907.44   MB/s | Read Speed = 1146.79  MB/s 
Test Time 1170   : Write Speed = 909.09   MB/s | Read Speed = 1094.09  MB/s 
Test Time 1171   : Write Speed = 888.10   MB/s | Read Speed = 1126.13  MB/s 
Test Time 1172   : Write Speed = 904.16   MB/s | Read Speed = 1149.43  MB/s 
Test Time 1173   : Write Speed = 915.75   MB/s | Read Speed = 505.56   MB/s 
Test Time 1174   : Write Speed = 912.41   MB/s | Read Speed = 1149.43  MB/s 
Test Time 1175   : Write Speed = 919.12   MB/s | Read Speed = 1160.09  MB/s 
Test Time 1176   : Write Speed = 880.28   MB/s | Read Speed = 1086.96  MB/s 
Test Time 1177   : Write Speed = 833.33   MB/s | Read Speed = 1106.19  MB/s 
Test Time 1178   : Write Speed = 868.06   MB/s | Read Speed = 491.16   MB/s 
Test Time 1179   : Write Speed = 837.52   MB/s | Read Speed = 1108.65  MB/s 
Test Time 1180   : Write Speed = 878.73   MB/s | Read Speed = 1126.13  MB/s 
Test Time 1181   : Write Speed = 899.28   MB/s | Read Speed = 1149.43  MB/s 
Test Time 1182   : Write Speed = 939.85   MB/s | Read Speed = 1152.07  MB/s 
Test Time 1183   : Write Speed = 927.64   MB/s | Read Speed = 507.61   MB/s 
Test Time 1184   : Write Speed = 888.10   MB/s | Read Speed = 1133.79  MB/s 
Test Time 1185   : Write Speed = 900.90   MB/s | Read Speed = 1149.43  MB/s 
Test Time 1186   : Write Speed = 909.09   MB/s | Read Speed = 1152.07  MB/s 
Test Time 1187   : Write Speed = 571.43   MB/s | Read Speed = 874.13   MB/s 
Test Time 1188   : Write Speed = 588.93   MB/s | Read Speed = 1041.67  MB/s 
Test Time 1189   : Write Speed = 889.68   MB/s | Read Speed = 493.58   MB/s 
Test Time 1190   : Write Speed = 886.52   MB/s | Read Speed = 1144.16  MB/s 
Test Time 1191   : Write Speed = 884.96   MB/s | Read Speed = 1131.22  MB/s 
Test Time 1192   : Write Speed = 907.44   MB/s | Read Speed = 1154.73  MB/s 
Test Time 1193   : Write Speed = 582.75   MB/s | Read Speed = 865.05   MB/s 
Test Time 1194   : Write Speed = 910.75   MB/s | Read Speed = 503.52   MB/s 
Test Time 1195   : Write Speed = 934.58   MB/s | Read Speed = 1152.07  MB/s 
Test Time 1196   : Write Speed = 915.75   MB/s | Read Speed = 1160.09  MB/s 
Test Time 1197   : Write Speed = 900.90   MB/s | Read Speed = 1128.67  MB/s 
Test Time 1198   : Write Speed = 891.27   MB/s | Read Speed = 1146.79  MB/s 
Test Time 1199   : Write Speed = 900.90   MB/s | Read Speed = 497.02   MB/s 
Test Time 1200   : Write Speed = 941.62   MB/s | Read Speed = 1154.73  MB/s 
Test Time 1201   : Write Speed = 905.80   MB/s | Read Speed = 1152.07  MB/s 
Test Time 1202   : Write Speed = 922.51   MB/s | Read Speed = 1165.50  MB/s 
Test Time 1203   : Write Speed = 915.75   MB/s | Read Speed = 1154.73  MB/s 
Test Time 1204   : Write Speed = 830.56   MB/s | Read Speed = 493.58   MB/s 
Test Time 1205   : Write Speed = 891.27   MB/s | Read Speed = 1144.16  MB/s 
Test Time 1206   : Write Speed = 907.44   MB/s | Read Speed = 1154.73  MB/s 
Test Time 1207   : Write Speed = 910.75   MB/s | Read Speed = 1152.07  MB/s 
Test Time 1208   : Write Speed = 600.96   MB/s | Read Speed = 1059.32  MB/s 
Test Time 1209   : Write Speed = 915.75   MB/s | Read Speed = 509.16   MB/s 
Test Time 1210   : Write Speed = 946.97   MB/s | Read Speed = 1154.73  MB/s 
Test Time 1211   : Write Speed = 889.68   MB/s | Read Speed = 1133.79  MB/s 
Test Time 1212   : Write Speed = 910.75   MB/s | Read Speed = 1154.73  MB/s 
Test Time 1213   : Write Speed = 907.44   MB/s | Read Speed = 1146.79  MB/s 
Test Time 1214   : Write Speed = 917.43   MB/s | Read Speed = 501.00   MB/s 
Test Time 1215   : Write Speed = 910.75   MB/s | Read Speed = 1149.43  MB/s 
Test Time 1216   : Write Speed = 919.12   MB/s | Read Speed = 1157.41  MB/s 
Test Time 1217   : Write Speed = 902.53   MB/s | Read Speed = 1136.36  MB/s 
Test Time 1218   : Write Speed = 586.85   MB/s | Read Speed = 1063.83  MB/s 
Test Time 1219   : Write Speed = 922.51   MB/s | Read Speed = 501.00   MB/s 
Test Time 1220   : Write Speed = 948.77   MB/s | Read Speed = 1176.47  MB/s 
Test Time 1221   : Write Speed = 934.58   MB/s | Read Speed = 1162.79  MB/s 
Test Time 1222   : Write Speed = 915.75   MB/s | Read Speed = 1154.73  MB/s 
Test Time 1223   : Write Speed = 910.75   MB/s | Read Speed = 1091.70  MB/s 
Test Time 1224   : Write Speed = 877.19   MB/s | Read Speed = 488.76   MB/s 
Test Time 1225   : Write Speed = 929.37   MB/s | Read Speed = 1152.07  MB/s 
Test Time 1226   : Write Speed = 920.81   MB/s | Read Speed = 1160.09  MB/s 
Test Time 1227   : Write Speed = 920.81   MB/s | Read Speed = 1157.41  MB/s 
Test Time 1228   : Write Speed = 915.75   MB/s | Read Speed = 1138.95  MB/s 
Test Time 1229   : Write Speed = 880.28   MB/s | Read Speed = 479.85   MB/s 
Test Time 1230   : Write Speed = 841.75   MB/s | Read Speed = 1111.11  MB/s 
Test Time 1231   : Write Speed = 875.66   MB/s | Read Speed = 1094.09  MB/s 
Test Time 1232   : Write Speed = 840.34   MB/s | Read Speed = 1121.08  MB/s 
Test Time 1233   : Write Speed = 865.05   MB/s | Read Speed = 1123.60  MB/s 
Test Time 1234   : Write Speed = 905.80   MB/s | Read Speed = 494.56   MB/s 
Test Time 1235   : Write Speed = 925.93   MB/s | Read Speed = 1157.41  MB/s 
Test Time 1236   : Write Speed = 924.21   MB/s | Read Speed = 1160.09  MB/s 
Test Time 1237   : Write Speed = 892.86   MB/s | Read Speed = 1141.55  MB/s 
Test Time 1238   : Write Speed = 912.41   MB/s | Read Speed = 1128.67  MB/s 
Test Time 1239   : Write Speed = 905.80   MB/s | Read Speed = 508.13   MB/s 
Test Time 1240   : Write Speed = 854.70   MB/s | Read Speed = 1111.11  MB/s 
Test Time 1241   : Write Speed = 883.39   MB/s | Read Speed = 1136.36  MB/s 
Test Time 1242   : Write Speed = 888.10   MB/s | Read Speed = 1141.55  MB/s 
Test Time 1243   : Write Speed = 896.06   MB/s | Read Speed = 1141.55  MB/s 
Test Time 1244   : Write Speed = 884.96   MB/s | Read Speed = 500.00   MB/s 
Test Time 1245   : Write Speed = 907.44   MB/s | Read Speed = 1152.07  MB/s 
Test Time 1246   : Write Speed = 919.12   MB/s | Read Speed = 1157.41  MB/s 
Test Time 1247   : Write Speed = 915.75   MB/s | Read Speed = 1176.47  MB/s 
Test Time 1248   : Write Speed = 587.54   MB/s | Read Speed = 1061.57  MB/s 
Test Time 1249   : Write Speed = 914.08   MB/s | Read Speed = 505.56   MB/s 
Test Time 1250   : Write Speed = 924.21   MB/s | Read Speed = 1152.07  MB/s 
Test Time 1251   : Write Speed = 900.90   MB/s | Read Speed = 1128.67  MB/s 
Test Time 1252   : Write Speed = 905.80   MB/s | Read Speed = 1103.75  MB/s 
Test Time 1253   : Write Speed = 919.12   MB/s | Read Speed = 1144.16  MB/s 
Test Time 1254   : Write Speed = 922.51   MB/s | Read Speed = 506.59   MB/s 
Test Time 1255   : Write Speed = 929.37   MB/s | Read Speed = 1157.41  MB/s 
Test Time 1256   : Write Speed = 919.12   MB/s | Read Speed = 1152.07  MB/s 
Test Time 1257   : Write Speed = 899.28   MB/s | Read Speed = 1123.60  MB/s 
Test Time 1258   : Write Speed = 905.80   MB/s | Read Speed = 1154.73  MB/s 
Test Time 1259   : Write Speed = 922.51   MB/s | Read Speed = 501.00   MB/s 
Test Time 1260   : Write Speed = 925.93   MB/s | Read Speed = 1176.47  MB/s 
Test Time 1261   : Write Speed = 932.84   MB/s | Read Speed = -0.50    MB/s 
Test Time 1262   : Write Speed = 920.81   MB/s | Read Speed = 1157.41  MB/s 
Test Time 1263   : Write Speed = 592.42   MB/s | Read Speed = 1061.57  MB/s 
Test Time 1264   : Write Speed = 915.75   MB/s | Read Speed = 495.54   MB/s 
Test Time 1265   : Write Speed = 919.12   MB/s | Read Speed = 1160.09  MB/s 
Test Time 1266   : Write Speed = 925.93   MB/s | Read Speed = 1152.07  MB/s 
Test Time 1267   : Write Speed = 914.08   MB/s | Read Speed = 1165.50  MB/s 
Test Time 1268   : Write Speed = 597.37   MB/s | Read Speed = 1063.83  MB/s 
Test Time 1269   : Write Speed = 924.21   MB/s | Read Speed = 501.00   MB/s 
Test Time 1270   : Write Speed = 938.09   MB/s | Read Speed = 1152.07  MB/s 
Test Time 1271   : Write Speed = 902.53   MB/s | Read Speed = 1144.16  MB/s 
Test Time 1272   : Write Speed = 904.16   MB/s | Read Speed = 1144.16  MB/s 
Test Time 1273   : Write Speed = 920.81   MB/s | Read Speed = 1165.50  MB/s 
Test Time 1274   : Write Speed = 945.18   MB/s | Read Speed = 502.01   MB/s 
Test Time 1275   : Write Speed = 924.21   MB/s | Read Speed = 1152.07  MB/s 
Test Time 1276   : Write Speed = 919.12   MB/s | Read Speed = 1165.50  MB/s 
Test Time 1277   : Write Speed = 880.28   MB/s | Read Speed = 1118.57  MB/s 
Test Time 1278   : Write Speed = 899.28   MB/s | Read Speed = 1146.79  MB/s 
Test Time 1279   : Write Speed = 904.16   MB/s | Read Speed = 503.02   MB/s 
Test Time 1280   : Write Speed = 915.75   MB/s | Read Speed = 1160.09  MB/s 
Test Time 1281   : Write Speed = 878.73   MB/s | Read Speed = 1136.36  MB/s 
Test Time 1282   : Write Speed = 878.73   MB/s | Read Speed = 1091.70  MB/s 
Test Time 1283   : Write Speed = 844.59   MB/s | Read Speed = 1118.57  MB/s 
Test Time 1284   : Write Speed = 872.60   MB/s | Read Speed = 488.28   MB/s 
Test Time 1285   : Write Speed = 844.59   MB/s | Read Speed = 1128.67  MB/s 
Test Time 1286   : Write Speed = 848.90   MB/s | Read Speed = 1103.75  MB/s 
Test Time 1287   : Write Speed = 888.10   MB/s | Read Speed = 1136.36  MB/s 
Test Time 1288   : Write Speed = 909.09   MB/s | Read Speed = 1149.43  MB/s 
Test Time 1289   : Write Speed = 902.53   MB/s | Read Speed = 504.03   MB/s 
Test Time 1290   : Write Speed = 915.75   MB/s | Read Speed = 1149.43  MB/s 
Test Time 1291   : Write Speed = 881.83   MB/s | Read Speed = 1131.22  MB/s 
Test Time 1292   : Write Speed = 904.16   MB/s | Read Speed = 1146.79  MB/s 
Test Time 1293   : Write Speed = 892.86   MB/s | Read Speed = 1154.73  MB/s 
Test Time 1294   : Write Speed = 927.64   MB/s | Read Speed = 510.73   MB/s 
Test Time 1295   : Write Speed = 909.09   MB/s | Read Speed = 1160.09  MB/s 
Test Time 1296   : Write Speed = 892.86   MB/s | Read Speed = 1146.79  MB/s 
Test Time 1297   : Write Speed = 891.27   MB/s | Read Speed = 1133.79  MB/s 
Test Time 1298   : Write Speed = 594.53   MB/s | Read Speed = 1066.10  MB/s 
Test Time 1299   : Write Speed = 931.10   MB/s | Read Speed = 505.05   MB/s 
Test Time 1300   : Write Speed = 968.99   MB/s | Read Speed = 1160.09  MB/s 
Test Time 1301   : Write Speed = 904.16   MB/s | Read Speed = 1152.07  MB/s 
Test Time 1302   : Write Speed = 904.16   MB/s | Read Speed = 1149.43  MB/s 
Test Time 1303   : Write Speed = 914.08   MB/s | Read Speed = 1152.07  MB/s 
Test Time 1304   : Write Speed = 900.90   MB/s | Read Speed = 498.50   MB/s 
Test Time 1305   : Write Speed = 914.08   MB/s | Read Speed = 1162.79  MB/s 
Test Time 1306   : Write Speed = 909.09   MB/s | Read Speed = 1154.73  MB/s 
Test Time 1307   : Write Speed = 924.21   MB/s | Read Speed = 1165.50  MB/s 
Test Time 1308   : Write Speed = 592.42   MB/s | Read Speed = 1066.10  MB/s 
Test Time 1309   : Write Speed = 922.51   MB/s | Read Speed = 499.00   MB/s 
Test Time 1310   : Write Speed = 939.85   MB/s | Read Speed = 1157.41  MB/s 
Test Time 1311   : Write Speed = 888.10   MB/s | Read Speed = 1141.55  MB/s 
Test Time 1312   : Write Speed = 912.41   MB/s | Read Speed = 1162.79  MB/s 
Test Time 1313   : Write Speed = 920.81   MB/s | Read Speed = 1187.65  MB/s 
Test Time 1314   : Write Speed = 938.09   MB/s | Read Speed = 507.10   MB/s 
Test Time 1315   : Write Speed = 925.93   MB/s | Read Speed = 1157.41  MB/s 
Test Time 1316   : Write Speed = 910.75   MB/s | Read Speed = 1157.41  MB/s 
Test Time 1317   : Write Speed = 905.80   MB/s | Read Speed = 1138.95  MB/s 
Test Time 1318   : Write Speed = 580.05   MB/s | Read Speed = 1063.83  MB/s 
Test Time 1319   : Write Speed = 922.51   MB/s | Read Speed = 500.00   MB/s 
Test Time 1320   : Write Speed = 938.09   MB/s | Read Speed = 1152.07  MB/s 
Test Time 1321   : Write Speed = 910.75   MB/s | Read Speed = 1152.07  MB/s 
Test Time 1322   : Write Speed = 914.08   MB/s | Read Speed = 1146.79  MB/s 
Test Time 1323   : Write Speed = 920.81   MB/s | Read Speed = 1157.41  MB/s 
Test Time 1324   : Write Speed = 915.75   MB/s | Read Speed = 505.56   MB/s 
Test Time 1325   : Write Speed = 914.08   MB/s | Read Speed = 1157.41  MB/s 
Test Time 1326   : Write Speed = 909.09   MB/s | Read Speed = 1157.41  MB/s 
Test Time 1327   : Write Speed = 938.09   MB/s | Read Speed = 1160.09  MB/s 
Test Time 1328   : Write Speed = 587.54   MB/s | Read Speed = 1068.38  MB/s 
Test Time 1329   : Write Speed = 915.75   MB/s | Read Speed = 506.59   MB/s 
Test Time 1330   : Write Speed = 907.44   MB/s | Read Speed = 1133.79  MB/s 
Test Time 1331   : Write Speed = 897.67   MB/s | Read Speed = 1136.36  MB/s 
Test Time 1332   : Write Speed = 920.81   MB/s | Read Speed = 1157.41  MB/s 
Test Time 1333   : Write Speed = 927.64   MB/s | Read Speed = 1165.50  MB/s 
Test Time 1334   : Write Speed = 917.43   MB/s | Read Speed = 507.10   MB/s 
Test Time 1335   : Write Speed = 865.05   MB/s | Read Speed = 1113.59  MB/s 
Test Time 1336   : Write Speed = 875.66   MB/s | Read Speed = 1141.55  MB/s 
Test Time 1337   : Write Speed = 871.08   MB/s | Read Speed = 1086.96  MB/s 
Test Time 1338   : Write Speed = 831.95   MB/s | Read Speed = 1116.07  MB/s 
Test Time 1339   : Write Speed = 871.08   MB/s | Read Speed = 493.10   MB/s 
Test Time 1340   : Write Speed = 907.44   MB/s | Read Speed = 1133.79  MB/s 
Test Time 1341   : Write Speed = 914.08   MB/s | Read Speed = 1152.07  MB/s 
Test Time 1342   : Write Speed = 851.79   MB/s | Read Speed = 1113.59  MB/s 
Test Time 1343   : Write Speed = 727.80   MB/s | Read Speed = 1043.84  MB/s 
Test Time 1344   : Write Speed = 848.90   MB/s | Read Speed = 486.85   MB/s 
Test Time 1345   : Write Speed = 883.39   MB/s | Read Speed = 493.58   MB/s 
Test Time 1346   : Write Speed = 904.16   MB/s | Read Speed = 1146.79  MB/s 
Test Time 1347   : Write Speed = 910.75   MB/s | Read Speed = 1160.09  MB/s 
Test Time 1348   : Write Speed = 917.43   MB/s | Read Speed = 1154.73  MB/s 
Test Time 1349   : Write Speed = 586.85   MB/s | Read Speed = 1059.32  MB/s 
Test Time 1350   : Write Speed = 897.67   MB/s | Read Speed = 502.51   MB/s 
Test Time 1351   : Write Speed = 915.75   MB/s | Read Speed = 497.51   MB/s 
Test Time 1352   : Write Speed = 936.33   MB/s | Read Speed = 1152.07  MB/s 
Test Time 1353   : Write Speed = 924.21   MB/s | Read Speed = 1157.41  MB/s 
Test Time 1354   : Write Speed = 925.93   MB/s | Read Speed = 1162.79  MB/s 
Test Time 1355   : Write Speed = 580.72   MB/s | Read Speed = 1061.57  MB/s 
Test Time 1356   : Write Speed = 917.43   MB/s | Read Speed = 494.07   MB/s 
Test Time 1357   : Write Speed = 886.52   MB/s | Read Speed = 1121.08  MB/s 
Test Time 1358   : Write Speed = 905.80   MB/s | Read Speed = 1154.73  MB/s 
Test Time 1359   : Write Speed = 920.81   MB/s | Read Speed = 1149.43  MB/s 
Test Time 1360   : Write Speed = 909.09   MB/s | Read Speed = 1152.07  MB/s 
Test Time 1361   : Write Speed = 910.75   MB/s | Read Speed = 500.50   MB/s 
Test Time 1362   : Write Speed = 915.75   MB/s | Read Speed = 1152.07  MB/s 
Test Time 1363   : Write Speed = 925.93   MB/s | Read Speed = 1157.41  MB/s 
Test Time 1364   : Write Speed = 899.28   MB/s | Read Speed = 1138.95  MB/s 
Test Time 1365   : Write Speed = 578.03   MB/s | Read Speed = 1057.08  MB/s 
Test Time 1366   : Write Speed = 927.64   MB/s | Read Speed = 500.00   MB/s 
Test Time 1367   : Write Speed = 936.33   MB/s | Read Speed = 1012.15  MB/s 
Test Time 1368   : Write Speed = 924.21   MB/s | Read Speed = 1157.41  MB/s 
Test Time 1369   : Write Speed = 915.75   MB/s | Read Speed = 1152.07  MB/s 
Test Time 1370   : Write Speed = 920.81   MB/s | Read Speed = 1160.09  MB/s 
Test Time 1371   : Write Speed = 902.53   MB/s | Read Speed = 506.59   MB/s 
Test Time 1372   : Write Speed = 920.81   MB/s | Read Speed = 1154.73  MB/s 
Test Time 1373   : Write Speed = 912.41   MB/s | Read Speed = 1152.07  MB/s 
Test Time 1374   : Write Speed = 909.09   MB/s | Read Speed = 1146.79  MB/s 
Test Time 1375   : Write Speed = 591.72   MB/s | Read Speed = 1066.10  MB/s 
Test Time 1376   : Write Speed = 924.21   MB/s | Read Speed = 509.68   MB/s 
Test Time 1377   : Write Speed = 925.93   MB/s | Read Speed = 1136.36  MB/s 
Test Time 1378   : Write Speed = 934.58   MB/s | Read Speed = 1162.79  MB/s 
Test Time 1379   : Write Speed = 886.52   MB/s | Read Speed = 1136.36  MB/s 
Test Time 1380   : Write Speed = 909.09   MB/s | Read Speed = 1157.41  MB/s 
Test Time 1381   : Write Speed = 902.53   MB/s | Read Speed = 509.16   MB/s 
Test Time 1382   : Write Speed = 915.75   MB/s | Read Speed = 1160.09  MB/s 
Test Time 1383   : Write Speed = 912.41   MB/s | Read Speed = 1149.43  MB/s 
Test Time 1384   : Write Speed = 877.19   MB/s | Read Speed = 1121.08  MB/s 
Test Time 1385   : Write Speed = 854.70   MB/s | Read Speed = 1103.75  MB/s 
Test Time 1386   : Write Speed = 877.19   MB/s | Read Speed = 492.61   MB/s 
Test Time 1387   : Write Speed = 902.53   MB/s | Read Speed = 1141.55  MB/s 
Test Time 1388   : Write Speed = 880.28   MB/s | Read Speed = 1089.32  MB/s 
Test Time 1389   : Write Speed = 843.17   MB/s | Read Speed = 1123.60  MB/s 
Test Time 1390   : Write Speed = 869.57   MB/s | Read Speed = 1084.60  MB/s 
Test Time 1391   : Write Speed = 836.12   MB/s | Read Speed = 484.03   MB/s 
Test Time 1392   : Write Speed = 896.06   MB/s | Read Speed = 1128.67  MB/s 
Test Time 1393   : Write Speed = 900.90   MB/s | Read Speed = 1149.43  MB/s 
Test Time 1394   : Write Speed = 904.16   MB/s | Read Speed = 1149.43  MB/s 
Test Time 1395   : Write Speed = 871.08   MB/s | Read Speed = 1128.67  MB/s 
Test Time 1396   : Write Speed = 910.75   MB/s | Read Speed = 501.50   MB/s 
Test Time 1397   : Write Speed = 900.90   MB/s | Read Speed = 1138.95  MB/s 
Test Time 1398   : Write Speed = 909.09   MB/s | Read Speed = 1154.73  MB/s 
Test Time 1399   : Write Speed = 900.90   MB/s | Read Speed = 1149.43  MB/s 
Test Time 1400   : Write Speed = 907.44   MB/s | Read Speed = 1154.73  MB/s 
Test Time 1401   : Write Speed = 919.12   MB/s | Read Speed = 503.02   MB/s 
Test Time 1402   : Write Speed = 922.51   MB/s | Read Speed = 1160.09  MB/s 
Test Time 1403   : Write Speed = 907.44   MB/s | Read Speed = 1157.41  MB/s 
Test Time 1404   : Write Speed = 884.96   MB/s | Read Speed = 1133.79  MB/s 
Test Time 1405   : Write Speed = 591.72   MB/s | Read Speed = 1048.22  MB/s 
Test Time 1406   : Write Speed = 915.75   MB/s | Read Speed = 497.02   MB/s 
Test Time 1407   : Write Speed = 934.58   MB/s | Read Speed = 1157.41  MB/s 
Test Time 1408   : Write Speed = 905.80   MB/s | Read Speed = 1146.79  MB/s 
Test Time 1409   : Write Speed = 912.41   MB/s | Read Speed = 1149.43  MB/s 
Test Time 1410   : Write Speed = 919.12   MB/s | Read Speed = 1160.09  MB/s 
Test Time 1411   : Write Speed = 905.80   MB/s | Read Speed = 498.50   MB/s 
Test Time 1412   : Write Speed = 912.41   MB/s | Read Speed = 1149.43  MB/s 
Test Time 1413   : Write Speed = 912.41   MB/s | Read Speed = 1157.41  MB/s 
Test Time 1414   : Write Speed = 915.75   MB/s | Read Speed = 1152.07  MB/s 
Test Time 1415   : Write Speed = 593.12   MB/s | Read Speed = 1061.57  MB/s 
Test Time 1416   : Write Speed = 929.37   MB/s | Read Speed = 509.68   MB/s 
Test Time 1417   : Write Speed = 939.85   MB/s | Read Speed = 1144.16  MB/s 
Test Time 1418   : Write Speed = 932.84   MB/s | Read Speed = 1154.73  MB/s 
Test Time 1419   : Write Speed = 917.43   MB/s | Read Speed = 1160.09  MB/s 
Test Time 1420   : Write Speed = 915.75   MB/s | Read Speed = 1157.41  MB/s 
Test Time 1421   : Write Speed = 917.43   MB/s | Read Speed = 508.65   MB/s 
Test Time 1422   : Write Speed = 925.93   MB/s | Read Speed = 1152.07  MB/s 
Test Time 1423   : Write Speed = 917.43   MB/s | Read Speed = 1157.41  MB/s 
Test Time 1424   : Write Speed = 910.75   MB/s | Read Speed = 1138.95  MB/s 
Test Time 1425   : Write Speed = 920.81   MB/s | Read Speed = 1162.79  MB/s 
Test Time 1426   : Write Speed = 605.33   MB/s | Read Speed = 1061.57  MB/s 
Test Time 1427   : Write Speed = 907.44   MB/s | Read Speed = 1144.16  MB/s 
Test Time 1428   : Write Speed = 894.45   MB/s | Read Speed = 1146.79  MB/s 
Test Time 1429   : Write Speed = 910.75   MB/s | Read Speed = 1152.07  MB/s 
Test Time 1430   : Write Speed = 920.81   MB/s | Read Speed = 1168.22  MB/s 
Test Time 1431   : Write Speed = 914.08   MB/s | Read Speed = 508.13   MB/s 
Test Time 1432   : Write Speed = 917.43   MB/s | Read Speed = 1160.09  MB/s 
Test Time 1433   : Write Speed = 914.08   MB/s | Read Speed = 1157.41  MB/s 
Test Time 1434   : Write Speed = 919.12   MB/s | Read Speed = 1157.41  MB/s 
Test Time 1435   : Write Speed = 589.62   MB/s | Read Speed = 1063.83  MB/s 
Test Time 1436   : Write Speed = 914.08   MB/s | Read Speed = 503.02   MB/s 
Test Time 1437   : Write Speed = 902.53   MB/s | Read Speed = 493.10   MB/s 
Test Time 1438   : Write Speed = 904.16   MB/s | Read Speed = 1146.79  MB/s 
Test Time 1439   : Write Speed = 915.75   MB/s | Read Speed = 1157.41  MB/s 
Test Time 1440   : Write Speed = 914.08   MB/s | Read Speed = 1146.79  MB/s 
Test Time 1441   : Write Speed = 589.62   MB/s | Read Speed = 1061.57  MB/s 
Test Time 1442   : Write Speed = 880.28   MB/s | Read Speed = 472.14   MB/s 
Test Time 1443   : Write Speed = 865.05   MB/s | Read Speed = 1144.16  MB/s 
Test Time 1444   : Write Speed = 871.08   MB/s | Read Speed = 1084.60  MB/s 
Test Time 1445   : Write Speed = 853.24   MB/s | Read Speed = 1126.13  MB/s 
Test Time 1446   : Write Speed = 883.39   MB/s | Read Speed = 1128.67  MB/s 
Test Time 1447   : Write Speed = 904.16   MB/s | Read Speed = 448.43   MB/s 
Test Time 1448   : Write Speed = 931.10   MB/s | Read Speed = 498.50   MB/s 
Test Time 1449   : Write Speed = 920.81   MB/s | Read Speed = 1149.43  MB/s 
Test Time 1450   : Write Speed = 924.21   MB/s | Read Speed = 1157.41  MB/s 
Test Time 1451   : Write Speed = 894.45   MB/s | Read Speed = 1138.95  MB/s 
Test Time 1452   : Write Speed = 579.37   MB/s | Read Speed = 1059.32  MB/s 
Test Time 1453   : Write Speed = 920.81   MB/s | Read Speed = 468.60   MB/s 
Test Time 1454   : Write Speed = 938.09   MB/s | Read Speed = 1154.73  MB/s 
Test Time 1455   : Write Speed = 927.64   MB/s | Read Speed = 1152.07  MB/s 
Test Time 1456   : Write Speed = 907.44   MB/s | Read Speed = 1154.73  MB/s 
Test Time 1457   : Write Speed = 881.83   MB/s | Read Speed = 1128.67  MB/s 
Test Time 1458   : Write Speed = 905.80   MB/s | Read Speed = 497.02   MB/s 
Test Time 1459   : Write Speed = 925.93   MB/s | Read Speed = 1149.43  MB/s 
Test Time 1460   : Write Speed = 927.64   MB/s | Read Speed = 1162.79  MB/s 
Test Time 1461   : Write Speed = 919.12   MB/s | Read Speed = 1157.41  MB/s 
Test Time 1462   : Write Speed = 909.09   MB/s | Read Speed = 1146.79  MB/s 
Test Time 1463   : Write Speed = 919.12   MB/s | Read Speed = 513.87   MB/s 
Test Time 1464   : Write Speed = 904.16   MB/s | Read Speed = 1136.36  MB/s 
Test Time 1465   : Write Speed = 905.80   MB/s | Read Speed = 1160.09  MB/s 
Test Time 1466   : Write Speed = 910.75   MB/s | Read Speed = 1152.07  MB/s 
Test Time 1467   : Write Speed = 588.24   MB/s | Read Speed = 1061.57  MB/s 
Test Time 1468   : Write Speed = 919.12   MB/s | Read Speed = 506.59   MB/s 
Test Time 1469   : Write Speed = 936.33   MB/s | Read Speed = 1170.96  MB/s 
Test Time 1470   : Write Speed = 927.64   MB/s | Read Speed = 1160.09  MB/s 
Test Time 1471   : Write Speed = 910.75   MB/s | Read Speed = 1141.55  MB/s 
Test Time 1472   : Write Speed = 728.86   MB/s | Read Speed = 1146.79  MB/s 
Test Time 1473   : Write Speed = 915.75   MB/s | Read Speed = 507.61   MB/s 
Test Time 1474   : Write Speed = 924.21   MB/s | Read Speed = 1162.79  MB/s 
Test Time 1475   : Write Speed = 907.44   MB/s | Read Speed = 1146.79  MB/s 
Test Time 1476   : Write Speed = 875.66   MB/s | Read Speed = 1136.36  MB/s 
Test Time 1477   : Write Speed = 704.23   MB/s | Read Speed = 1118.57  MB/s 
Test Time 1478   : Write Speed = 899.28   MB/s | Read Speed = 498.01   MB/s 
Test Time 1479   : Write Speed = 936.33   MB/s | Read Speed = 1149.43  MB/s 
Test Time 1480   : Write Speed = 927.64   MB/s | Read Speed = 1157.41  MB/s 
Test Time 1481   : Write Speed = 924.21   MB/s | Read Speed = 1157.41  MB/s 
Test Time 1482   : Write Speed = 725.69   MB/s | Read Speed = 1138.95  MB/s 
Test Time 1483   : Write Speed = 925.93   MB/s | Read Speed = 485.91   MB/s 
Test Time 1484   : Write Speed = 869.57   MB/s | Read Speed = 1121.08  MB/s 
Test Time 1485   : Write Speed = 891.27   MB/s | Read Speed = 1152.07  MB/s 
Test Time 1486   : Write Speed = 915.75   MB/s | Read Speed = 1149.43  MB/s 
Test Time 1487   : Write Speed = 915.75   MB/s | Read Speed = 984.25   MB/s 
Test Time 1488   : Write Speed = 919.12   MB/s | Read Speed = 493.10   MB/s 
Test Time 1489   : Write Speed = 945.18   MB/s | Read Speed = 1113.59  MB/s 
Test Time 1490   : Write Speed = 894.45   MB/s | Read Speed = 1131.22  MB/s 
Test Time 1491   : Write Speed = 888.10   MB/s | Read Speed = 1136.36  MB/s 
Test Time 1492   : Write Speed = 905.80   MB/s | Read Speed = 1152.07  MB/s 
Test Time 1493   : Write Speed = 920.81   MB/s | Read Speed = 498.01   MB/s 
Test Time 1494   : Write Speed = 950.57   MB/s | Read Speed = 1160.09  MB/s 
Test Time 1495   : Write Speed = 862.07   MB/s | Read Speed = 1123.60  MB/s 
Test Time 1496   : Write Speed = 896.06   MB/s | Read Speed = 1128.67  MB/s 
Test Time 1497   : Write Speed = 875.66   MB/s | Read Speed = 1075.27  MB/s 
Test Time 1498   : Write Speed = 771.60   MB/s | Read Speed = 489.24   MB/s 
Test Time 1499   : Write Speed = 904.16   MB/s | Read Speed = 1131.22  MB/s 
Test Time 1500   : Write Speed = 904.16   MB/s | Read Speed = 1146.79  MB/s 
Test Time 1501   : Write Speed = 900.90   MB/s | Read Speed = 1146.79  MB/s 
Test Time 1502   : Write Speed = 915.75   MB/s | Read Speed = 1152.07  MB/s 
Test Time 1503   : Write Speed = 932.84   MB/s | Read Speed = 500.50   MB/s 
Test Time 1504   : Write Speed = 892.86   MB/s | Read Speed = 1136.36  MB/s 
Test Time 1505   : Write Speed = 904.16   MB/s | Read Speed = 1149.43  MB/s 
Test Time 1506   : Write Speed = 888.10   MB/s | Read Speed = 1133.79  MB/s 
Test Time 1507   : Write Speed = 915.75   MB/s | Read Speed = 1154.73  MB/s 
Test Time 1508   : Write Speed = 914.08   MB/s | Read Speed = 514.40   MB/s 
Test Time 1509   : Write Speed = 912.41   MB/s | Read Speed = 1157.41  MB/s 
Test Time 1510   : Write Speed = 912.41   MB/s | Read Speed = 1149.43  MB/s 
Test Time 1511   : Write Speed = 889.68   MB/s | Read Speed = 1136.36  MB/s 
Test Time 1512   : Write Speed = 593.12   MB/s | Read Speed = 1059.32  MB/s 
Test Time 1513   : Write Speed = 920.81   MB/s | Read Speed = 504.54   MB/s 
Test Time 1514   : Write Speed = 920.81   MB/s | Read Speed = 1146.79  MB/s 
Test Time 1515   : Write Speed = 909.09   MB/s | Read Speed = 1146.79  MB/s 
Test Time 1516   : Write Speed = 905.80   MB/s | Read Speed = 1149.43  MB/s 
Test Time 1517   : Write Speed = 891.27   MB/s | Read Speed = 1128.67  MB/s 
Test Time 1518   : Write Speed = 915.75   MB/s | Read Speed = 508.13   MB/s 
Test Time 1519   : Write Speed = 920.81   MB/s | Read Speed = 1157.41  MB/s 
Test Time 1520   : Write Speed = 922.51   MB/s | Read Speed = 1162.79  MB/s 
Test Time 1521   : Write Speed = 912.41   MB/s | Read Speed = 1160.09  MB/s 
Test Time 1522   : Write Speed = 586.17   MB/s | Read Speed = 1082.25  MB/s 
Test Time 1523   : Write Speed = 920.81   MB/s | Read Speed = 500.50   MB/s 
Test Time 1524   : Write Speed = 920.81   MB/s | Read Speed = 1138.95  MB/s 
Test Time 1525   : Write Speed = 914.08   MB/s | Read Speed = 1160.09  MB/s 
Test Time 1526   : Write Speed = 912.41   MB/s | Read Speed = 1146.79  MB/s 
Test Time 1527   : Write Speed = 919.12   MB/s | Read Speed = 1154.73  MB/s 
Test Time 1528   : Write Speed = 925.93   MB/s | Read Speed = 504.54   MB/s 
Test Time 1529   : Write Speed = 919.12   MB/s | Read Speed = 1160.09  MB/s 
Test Time 1530   : Write Speed = 919.12   MB/s | Read Speed = 1146.79  MB/s 
Test Time 1531   : Write Speed = 904.16   MB/s | Read Speed = 1138.95  MB/s 
Test Time 1532   : Write Speed = 592.42   MB/s | Read Speed = 1068.38  MB/s 
Test Time 1533   : Write Speed = 929.37   MB/s | Read Speed = 502.51   MB/s 
Test Time 1534   : Write Speed = 948.77   MB/s | Read Speed = 1157.41  MB/s 
Test Time 1535   : Write Speed = 912.41   MB/s | Read Speed = 1165.50  MB/s 
Test Time 1536   : Write Speed = 925.93   MB/s | Read Speed = 1149.43  MB/s 
Test Time 1537   : Write Speed = 896.06   MB/s | Read Speed = 1131.22  MB/s 
Test Time 1538   : Write Speed = 909.09   MB/s | Read Speed = 504.03   MB/s 
Test Time 1539   : Write Speed = 920.81   MB/s | Read Speed = 1165.50  MB/s 
Test Time 1540   : Write Speed = 912.41   MB/s | Read Speed = 1149.43  MB/s 
Test Time 1541   : Write Speed = 914.08   MB/s | Read Speed = 1154.73  MB/s 
Test Time 1542   : Write Speed = 587.54   MB/s | Read Speed = 1061.57  MB/s 
Test Time 1543   : Write Speed = 899.28   MB/s | Read Speed = 494.56   MB/s 
Test Time 1544   : Write Speed = 917.43   MB/s | Read Speed = 1131.22  MB/s 
Test Time 1545   : Write Speed = 860.59   MB/s | Read Speed = 1116.07  MB/s 
Test Time 1546   : Write Speed = 880.28   MB/s | Read Speed = 1138.95  MB/s 
Test Time 1547   : Write Speed = 909.09   MB/s | Read Speed = 1149.43  MB/s 
Test Time 1548   : Write Speed = 877.19   MB/s | Read Speed = 399.04   MB/s 
Test Time 1549   : Write Speed = 872.60   MB/s | Read Speed = 498.50   MB/s 
Test Time 1550   : Write Speed = 872.60   MB/s | Read Speed = 1084.60  MB/s 
Test Time 1551   : Write Speed = 846.02   MB/s | Read Speed = 1113.59  MB/s 
Test Time 1552   : Write Speed = 880.28   MB/s | Read Speed = 1131.22  MB/s 
Test Time 1553   : Write Speed = 883.39   MB/s | Read Speed = 1144.16  MB/s 
Test Time 1554   : Write Speed = 917.43   MB/s | Read Speed = 498.50   MB/s 
Test Time 1555   : Write Speed = 886.52   MB/s | Read Speed = 1131.22  MB/s 
Test Time 1556   : Write Speed = 900.90   MB/s | Read Speed = 1154.73  MB/s 
Test Time 1557   : Write Speed = 900.90   MB/s | Read Speed = 1136.36  MB/s 
Test Time 1558   : Write Speed = 914.08   MB/s | Read Speed = 1157.41  MB/s 
Test Time 1559   : Write Speed = 917.43   MB/s | Read Speed = 502.51   MB/s 
Test Time 1560   : Write Speed = 912.41   MB/s | Read Speed = 1157.41  MB/s 
Test Time 1561   : Write Speed = 905.80   MB/s | Read Speed = 1165.50  MB/s 
Test Time 1562   : Write Speed = 907.44   MB/s | Read Speed = 1144.16  MB/s 
Test Time 1563   : Write Speed = 588.93   MB/s | Read Speed = 1070.66  MB/s 
Test Time 1564   : Write Speed = 904.16   MB/s | Read Speed = 495.54   MB/s 
Test Time 1565   : Write Speed = 919.12   MB/s | Read Speed = 1146.79  MB/s 
Test Time 1566   : Write Speed = 924.21   MB/s | Read Speed = 1165.50  MB/s 
Test Time 1567   : Write Speed = 924.21   MB/s | Read Speed = 1160.09  MB/s 
Test Time 1568   : Write Speed = 920.81   MB/s | Read Speed = 1157.41  MB/s 
Test Time 1569   : Write Speed = 910.75   MB/s | Read Speed = 501.00   MB/s 
Test Time 1570   : Write Speed = 899.28   MB/s | Read Speed = 1146.79  MB/s 
Test Time 1571   : Write Speed = 891.27   MB/s | Read Speed = 1144.16  MB/s 
Test Time 1572   : Write Speed = 919.12   MB/s | Read Speed = 1157.41  MB/s 
Test Time 1573   : Write Speed = 585.48   MB/s | Read Speed = 1063.83  MB/s 
Test Time 1574   : Write Speed = 932.84   MB/s | Read Speed = 456.20   MB/s 
Test Time 1575   : Write Speed = 932.84   MB/s | Read Speed = 499.00   MB/s 
Test Time 1576   : Write Speed = 912.41   MB/s | Read Speed = 1154.73  MB/s 
Test Time 1577   : Write Speed = 899.28   MB/s | Read Speed = 1133.79  MB/s 
Test Time 1578   : Write Speed = 924.21   MB/s | Read Speed = 1157.41  MB/s 
Test Time 1579   : Write Speed = 586.17   MB/s | Read Speed = 1063.83  MB/s 
Test Time 1580   : Write Speed = 925.93   MB/s | Read Speed = 499.00   MB/s 
Test Time 1581   : Write Speed = 917.43   MB/s | Read Speed = 1152.07  MB/s 
Test Time 1582   : Write Speed = 917.43   MB/s | Read Speed = 1154.73  MB/s 
Test Time 1583   : Write Speed = 881.83   MB/s | Read Speed = 1131.22  MB/s 
Test Time 1584   : Write Speed = 871.08   MB/s | Read Speed = 980.39   MB/s 
Test Time 1585   : Write Speed = 905.80   MB/s | Read Speed = 500.00   MB/s 
Test Time 1586   : Write Speed = 919.12   MB/s | Read Speed = 1154.73  MB/s 
Test Time 1587   : Write Speed = 927.64   MB/s | Read Speed = 1182.03  MB/s 
Test Time 1588   : Write Speed = 920.81   MB/s | Read Speed = 1154.73  MB/s 
Test Time 1589   : Write Speed = 588.93   MB/s | Read Speed = 1066.10  MB/s 
Test Time 1590   : Write Speed = 883.39   MB/s | Read Speed = 495.05   MB/s 
Test Time 1591   : Write Speed = 932.84   MB/s | Read Speed = 1146.79  MB/s 
Test Time 1592   : Write Speed = 912.41   MB/s | Read Speed = 1152.07  MB/s 
Test Time 1593   : Write Speed = 920.81   MB/s | Read Speed = 1157.41  MB/s 
Test Time 1594   : Write Speed = 914.08   MB/s | Read Speed = 1144.16  MB/s 
Test Time 1595   : Write Speed = 910.75   MB/s | Read Speed = 499.50   MB/s 
Test Time 1596   : Write Speed = 897.67   MB/s | Read Speed = 1136.36  MB/s 
Test Time 1597   : Write Speed = 907.44   MB/s | Read Speed = 1133.79  MB/s 
Test Time 1598   : Write Speed = 912.41   MB/s | Read Speed = 1154.73  MB/s 
Test Time 1599   : Write Speed = 910.75   MB/s | Read Speed = 1149.43  MB/s 
Test Time 1600   : Write Speed = 910.75   MB/s | Read Speed = 514.40   MB/s 
Test Time 1601   : Write Speed = 875.66   MB/s | Read Speed = 1086.96  MB/s 
Test Time 1602   : Write Speed = 863.56   MB/s | Read Speed = 1126.13  MB/s 
Test Time 1603   : Write Speed = 874.13   MB/s | Read Speed = 1084.60  MB/s 
Test Time 1604   : Write Speed = 841.75   MB/s | Read Speed = 1103.75  MB/s 
Test Time 1605   : Write Speed = 875.66   MB/s | Read Speed = 490.68   MB/s 
Test Time 1606   : Write Speed = 917.43   MB/s | Read Speed = 1146.79  MB/s 
Test Time 1607   : Write Speed = 924.21   MB/s | Read Speed = 1157.41  MB/s 
Test Time 1608   : Write Speed = 907.44   MB/s | Read Speed = 1149.43  MB/s 
Test Time 1609   : Write Speed = 902.53   MB/s | Read Speed = 1144.16  MB/s 
Test Time 1610   : Write Speed = 899.28   MB/s | Read Speed = 504.54   MB/s 
Test Time 1611   : Write Speed = 905.80   MB/s | Read Speed = 1152.07  MB/s 
Test Time 1612   : Write Speed = 919.12   MB/s | Read Speed = 1157.41  MB/s 
Test Time 1613   : Write Speed = 910.75   MB/s | Read Speed = 1165.50  MB/s 
Test Time 1614   : Write Speed = 593.82   MB/s | Read Speed = 1057.08  MB/s 
Test Time 1615   : Write Speed = 909.09   MB/s | Read Speed = 497.02   MB/s 
Test Time 1616   : Write Speed = 924.21   MB/s | Read Speed = 1146.79  MB/s 
Test Time 1617   : Write Speed = 910.75   MB/s | Read Speed = 1144.16  MB/s 
Test Time 1618   : Write Speed = 905.80   MB/s | Read Speed = 1144.16  MB/s 
Test Time 1619   : Write Speed = 922.51   MB/s | Read Speed = 1162.79  MB/s 
Test Time 1620   : Write Speed = 927.64   MB/s | Read Speed = 504.03   MB/s 
Test Time 1621   : Write Speed = 909.09   MB/s | Read Speed = 1152.07  MB/s 
Test Time 1622   : Write Speed = 912.41   MB/s | Read Speed = 1146.79  MB/s 
Test Time 1623   : Write Speed = 894.45   MB/s | Read Speed = 1144.16  MB/s 
Test Time 1624   : Write Speed = 580.72   MB/s | Read Speed = 1050.42  MB/s 
Test Time 1625   : Write Speed = 922.51   MB/s | Read Speed = 498.50   MB/s 
Test Time 1626   : Write Speed = 943.40   MB/s | Read Speed = 1165.50  MB/s 
Test Time 1627   : Write Speed = 954.20   MB/s | Read Speed = 1168.22  MB/s 
Test Time 1628   : Write Speed = 909.09   MB/s | Read Speed = 1144.16  MB/s 
Test Time 1629   : Write Speed = 922.51   MB/s | Read Speed = 1149.43  MB/s 
Test Time 1630   : Write Speed = 892.86   MB/s | Read Speed = 496.03   MB/s 
Test Time 1631   : Write Speed = 897.67   MB/s | Read Speed = 1141.55  MB/s 
Test Time 1632   : Write Speed = 915.75   MB/s | Read Speed = -0.50    MB/s 
Test Time 1633   : Write Speed = 900.90   MB/s | Read Speed = 1146.79  MB/s 
Test Time 1634   : Write Speed = 582.07   MB/s | Read Speed = 974.66   MB/s 
Test Time 1635   : Write Speed = 912.41   MB/s | Read Speed = 503.02   MB/s 
Test Time 1636   : Write Speed = 936.33   MB/s | Read Speed = 1149.43  MB/s 
Test Time 1637   : Write Speed = 910.75   MB/s | Read Speed = 1146.79  MB/s 
Test Time 1638   : Write Speed = 902.53   MB/s | Read Speed = 1154.73  MB/s 
Test Time 1639   : Write Speed = 905.80   MB/s | Read Speed = 1149.43  MB/s 
Test Time 1640   : Write Speed = 598.80   MB/s | Read Speed = 1061.57  MB/s 
Test Time 1641   : Write Speed = 920.81   MB/s | Read Speed = 504.54   MB/s 
Test Time 1642   : Write Speed = 927.64   MB/s | Read Speed = 1157.41  MB/s 
Test Time 1643   : Write Speed = 907.44   MB/s | Read Speed = 1149.43  MB/s 
Test Time 1644   : Write Speed = 897.67   MB/s | Read Speed = 1138.95  MB/s 
Test Time 1645   : Write Speed = 595.95   MB/s | Read Speed = 1079.91  MB/s 
Test Time 1646   : Write Speed = 927.64   MB/s | Read Speed = 500.50   MB/s 
Test Time 1647   : Write Speed = 866.55   MB/s | Read Speed = 1113.59  MB/s 
Test Time 1648   : Write Speed = 877.19   MB/s | Read Speed = 1131.22  MB/s 
Test Time 1649   : Write Speed = 896.06   MB/s | Read Speed = 1141.55  MB/s 
Test Time 1650   : Write Speed = 875.66   MB/s | Read Speed = 1133.79  MB/s 
Test Time 1651   : Write Speed = 905.80   MB/s | Read Speed = 499.50   MB/s 
Test Time 1652   : Write Speed = 946.97   MB/s | Read Speed = 1176.47  MB/s 
Test Time 1653   : Write Speed = 917.43   MB/s | Read Speed = 1149.43  MB/s 
Test Time 1654   : Write Speed = 880.28   MB/s | Read Speed = 1086.96  MB/s 
Test Time 1655   : Write Speed = 848.90   MB/s | Read Speed = 1118.57  MB/s 
Test Time 1656   : Write Speed = 869.57   MB/s | Read Speed = 473.93   MB/s 
Test Time 1657   : Write Speed = 857.63   MB/s | Read Speed = 496.03   MB/s 
Test Time 1658   : Write Speed = 874.13   MB/s | Read Speed = 1133.79  MB/s 
Test Time 1659   : Write Speed = 897.67   MB/s | Read Speed = 1144.16  MB/s 
Test Time 1660   : Write Speed = 909.09   MB/s | Read Speed = 1146.79  MB/s 
Test Time 1661   : Write Speed = 591.02   MB/s | Read Speed = 1070.66  MB/s 
Test Time 1662   : Write Speed = 897.67   MB/s | Read Speed = 502.01   MB/s 
Test Time 1663   : Write Speed = 934.58   MB/s | Read Speed = 1144.16  MB/s 
Test Time 1664   : Write Speed = 897.67   MB/s | Read Speed = 1141.55  MB/s 
Test Time 1665   : Write Speed = 910.75   MB/s | Read Speed = 1176.47  MB/s 
Test Time 1666   : Write Speed = 922.51   MB/s | Read Speed = 1157.41  MB/s 
Test Time 1667   : Write Speed = 910.75   MB/s | Read Speed = 500.00   MB/s 
Test Time 1668   : Write Speed = 920.81   MB/s | Read Speed = 1157.41  MB/s 
Test Time 1669   : Write Speed = 900.90   MB/s | Read Speed = 1154.73  MB/s 
Test Time 1670   : Write Speed = 818.33   MB/s | Read Speed = 1103.75  MB/s 
Test Time 1671   : Write Speed = 912.41   MB/s | Read Speed = 1157.41  MB/s 
Test Time 1672   : Write Speed = 862.07   MB/s | Read Speed = 497.02   MB/s 
Test Time 1673   : Write Speed = 904.16   MB/s | Read Speed = 1141.55  MB/s 
Test Time 1674   : Write Speed = 899.28   MB/s | Read Speed = 1157.41  MB/s 
Test Time 1675   : Write Speed = 914.08   MB/s | Read Speed = 1146.79  MB/s 
Test Time 1676   : Write Speed = 595.24   MB/s | Read Speed = 1072.96  MB/s 
Test Time 1677   : Write Speed = 904.16   MB/s | Read Speed = 496.52   MB/s 
Test Time 1678   : Write Speed = 924.21   MB/s | Read Speed = 1162.79  MB/s 
Test Time 1679   : Write Speed = 912.41   MB/s | Read Speed = 1149.43  MB/s 
Test Time 1680   : Write Speed = 919.12   MB/s | Read Speed = 1157.41  MB/s 
Test Time 1681   : Write Speed = 934.58   MB/s | Read Speed = 1160.09  MB/s 
Test Time 1682   : Write Speed = 874.13   MB/s | Read Speed = 498.50   MB/s 
Test Time 1683   : Write Speed = 888.10   MB/s | Read Speed = 1146.79  MB/s 
Test Time 1684   : Write Speed = 896.06   MB/s | Read Speed = 1133.79  MB/s 
Test Time 1685   : Write Speed = 915.75   MB/s | Read Speed = 1149.43  MB/s 
Test Time 1686   : Write Speed = 587.54   MB/s | Read Speed = 1063.83  MB/s 
Test Time 1687   : Write Speed = 915.75   MB/s | Read Speed = 496.52   MB/s 
Test Time 1688   : Write Speed = 941.62   MB/s | Read Speed = 1157.41  MB/s 
Test Time 1689   : Write Speed = 927.64   MB/s | Read Speed = 1154.73  MB/s 
Test Time 1690   : Write Speed = 909.09   MB/s | Read Speed = 1133.79  MB/s 
Test Time 1691   : Write Speed = 914.08   MB/s | Read Speed = 1149.43  MB/s 
Test Time 1692   : Write Speed = 927.64   MB/s | Read Speed = 507.61   MB/s 
Test Time 1693   : Write Speed = 948.77   MB/s | Read Speed = 1152.07  MB/s 
Test Time 1694   : Write Speed = 910.75   MB/s | Read Speed = 1141.55  MB/s 
Test Time 1695   : Write Speed = 917.43   MB/s | Read Speed = 1157.41  MB/s 
Test Time 1696   : Write Speed = 929.37   MB/s | Read Speed = 1160.09  MB/s 
Test Time 1697   : Write Speed = 896.06   MB/s | Read Speed = 506.59   MB/s 
Test Time 1698   : Write Speed = 914.08   MB/s | Read Speed = 1152.07  MB/s 
Test Time 1699   : Write Speed = 915.75   MB/s | Read Speed = 1154.73  MB/s 
Test Time 1700   : Write Speed = 922.51   MB/s | Read Speed = 1160.09  MB/s 
Test Time 1701   : Write Speed = 533.05   MB/s | Read Speed = 1039.50  MB/s 
Test Time 1702   :